<!doctype html public "-//w3c//dtd html 4.0 transitional//en">
<html><head>
<title>Static Call Graph - [.\OBJ\obj_debug_efm\LT7689∫·∆¡CTP.axf]</title></head>
<body><HR>
<H1>Static Call Graph for image .\OBJ\obj_debug_efm\LT7689∫·∆¡CTP.axf</H1><HR>
<BR><P>#&#060CALLGRAPH&#062# ARM Linker, 5060183: Last Updated: Sat Oct 14 16:23:02 2023
<BR><P>
<H3>Maximum Stack Usage =      16000 bytes + Unknown(Cycles, Untraceable Function Pointers)</H3><H3>
Call chain for Maximum Stack Depth:</H3>
main &rArr; LT_ReceiveCmd &rArr; Display_page &rArr; Get_date_variable_Id &rArr; gif_display &rArr; LT_ShowGifPicture &rArr; reg_operation &rArr;  Display_page (Cycle)
<P>
<H3>
Mutually Recursive functions
</H3> <LI><a href="#[1d]">AES_IRQHandler</a>&nbsp;&nbsp;&nbsp;&rArr;&nbsp;&nbsp;&nbsp;<a href="#[1d]">AES_IRQHandler</a><BR>
 <LI><a href="#[79]">reg_operation</a>&nbsp;&nbsp;&nbsp;&rArr;&nbsp;&nbsp;&nbsp;<a href="#[87]">Display_page</a><BR>
 <LI><a href="#[88]">Display_pop_up</a>&nbsp;&nbsp;&nbsp;&rArr;&nbsp;&nbsp;&nbsp;<a href="#[ee]">Get_date_variable_Id</a><BR>
</UL>
<P>
<H3>
Function Pointers
</H3><UL>
 <LI><a href="#[1d]">AES_IRQHandler</a> from startup_armcm4.o(.text) referenced from startup_armcm4.o(RESET)
 <LI><a href="#[18]">ASYNC_TIMER_IRQHandler</a> from startup_armcm4.o(.text) referenced from startup_armcm4.o(RESET)
 <LI><a href="#[5]">BusFault_Handler</a> from system_armcm4.o(i.BusFault_Handler) referenced from startup_armcm4.o(RESET)
 <LI><a href="#[44]">CLCD_IRQHandler</a> from startup_armcm4.o(.text) referenced from startup_armcm4.o(RESET)
 <LI><a href="#[20]">DAC_IRQHandler</a> from startup_armcm4.o(.text) referenced from startup_armcm4.o(RESET)
 <LI><a href="#[45]">DCMI_IRQHandler</a> from startup_armcm4.o(.text) referenced from startup_armcm4.o(RESET)
 <LI><a href="#[12]">DMA1_IRQHandler</a> from dmac_drv.o(i.DMA1_IRQHandler) referenced from startup_armcm4.o(RESET)
 <LI><a href="#[14]">DMA2D_IRQHandler</a> from startup_armcm4.o(.text) referenced from startup_armcm4.o(RESET)
 <LI><a href="#[13]">DMA2_IRQHandler</a> from dac.o(i.DMA2_IRQHandler) referenced from startup_armcm4.o(RESET)
 <LI><a href="#[8]">DebugMon_Handler</a> from system_armcm4.o(i.DebugMon_Handler) referenced from startup_armcm4.o(RESET)
 <LI><a href="#[b]">EFM_IRQHandler</a> from startup_armcm4.o(.text) referenced from startup_armcm4.o(RESET)
 <LI><a href="#[11]">ENCR1_IRQHandler</a> from startup_armcm4.o(.text) referenced from startup_armcm4.o(RESET)
 <LI><a href="#[10]">ENCR_IRQHandler</a> from edma_drv.o(i.ENCR_IRQHandler) referenced from startup_armcm4.o(RESET)
 <LI><a href="#[34]">EPORT0_0_IRQHandler</a> from eport_drv.o(i.EPORT0_0_IRQHandler) referenced from startup_armcm4.o(RESET)
 <LI><a href="#[35]">EPORT0_1_IRQHandler</a> from eport_drv.o(i.EPORT0_1_IRQHandler) referenced from startup_armcm4.o(RESET)
 <LI><a href="#[36]">EPORT0_2_IRQHandler</a> from startup_armcm4.o(.text) referenced from startup_armcm4.o(RESET)
 <LI><a href="#[37]">EPORT0_3_IRQHandler</a> from eport_drv.o(i.EPORT0_3_IRQHandler) referenced from startup_armcm4.o(RESET)
 <LI><a href="#[38]">EPORT0_4_IRQHandler</a> from eport_drv.o(i.EPORT0_4_IRQHandler) referenced from startup_armcm4.o(RESET)
 <LI><a href="#[39]">EPORT0_5_IRQHandler</a> from eport_drv.o(i.EPORT0_5_IRQHandler) referenced from startup_armcm4.o(RESET)
 <LI><a href="#[3a]">EPORT0_6_IRQHandler</a> from eport_drv.o(i.EPORT0_6_IRQHandler) referenced from startup_armcm4.o(RESET)
 <LI><a href="#[3b]">EPORT0_7_IRQHandler</a> from eport_drv.o(i.EPORT0_7_IRQHandler) referenced from startup_armcm4.o(RESET)
 <LI><a href="#[3c]">EPORT1_0_IRQHandler</a> from eport_drv.o(i.EPORT1_0_IRQHandler) referenced from startup_armcm4.o(RESET)
 <LI><a href="#[3d]">EPORT1_1_IRQHandler</a> from eport_drv.o(i.EPORT1_1_IRQHandler) referenced from startup_armcm4.o(RESET)
 <LI><a href="#[3e]">EPORT1_2_IRQHandler</a> from eport_drv.o(i.EPORT1_2_IRQHandler) referenced from startup_armcm4.o(RESET)
 <LI><a href="#[3f]">EPORT1_3_IRQHandler</a> from eport_drv.o(i.EPORT1_3_IRQHandler) referenced from startup_armcm4.o(RESET)
 <LI><a href="#[40]">EPORT1_4_IRQHandler</a> from eport_drv.o(i.EPORT1_4_IRQHandler) referenced from startup_armcm4.o(RESET)
 <LI><a href="#[41]">EPORT1_5_IRQHandler</a> from eport_drv.o(i.EPORT1_5_IRQHandler) referenced from startup_armcm4.o(RESET)
 <LI><a href="#[42]">EPORT1_6_IRQHandler</a> from eport_drv.o(i.EPORT1_6_IRQHandler) referenced from startup_armcm4.o(RESET)
 <LI><a href="#[43]">EPORT1_7_IRQHandler</a> from eport_drv.o(i.EPORT1_7_IRQHandler) referenced from startup_armcm4.o(RESET)
 <LI><a href="#[50]">FT5216_Scan</a> from ctp.o(i.FT5216_Scan) referenced from ctp.o(i.CTP_Init)
 <LI><a href="#[3]">HardFault_Handler</a> from system_armcm4.o(i.HardFault_Handler) referenced from startup_armcm4.o(RESET)
 <LI><a href="#[2f]">I2C1_IRQHandler</a> from startup_armcm4.o(.text) referenced from startup_armcm4.o(RESET)
 <LI><a href="#[46]">I2C2_IRQHandler</a> from i2c_drv.o(i.I2C2_IRQHandler) referenced from startup_armcm4.o(RESET)
 <LI><a href="#[47]">I2C3_IRQHandler</a> from i2c_drv.o(i.I2C3_IRQHandler) referenced from startup_armcm4.o(RESET)
 <LI><a href="#[4d]">IO_Latch_Clr</a> from system_armcm4.o(i.IO_Latch_Clr) referenced from startup_armcm4.o(.text)
 <LI><a href="#[4c]">LVD_EN</a> from system_armcm4.o(i.LVD_EN) referenced from startup_armcm4.o(.text)
 <LI><a href="#[21]">MCC_IRQHandler</a> from startup_armcm4.o(.text) referenced from startup_armcm4.o(RESET)
 <LI><a href="#[24]">MIPI_IRQHandler</a> from startup_armcm4.o(.text) referenced from startup_armcm4.o(RESET)
 <LI><a href="#[4]">MemManage_Handler</a> from system_armcm4.o(i.MemManage_Handler) referenced from startup_armcm4.o(RESET)
 <LI><a href="#[2]">NMI_Handler</a> from system_armcm4.o(i.NMI_Handler) referenced from startup_armcm4.o(RESET)
 <LI><a href="#[17]">PCI_DET_IRQHandler</a> from pci_drv.o(i.PCI_DET_IRQHandler) referenced from startup_armcm4.o(RESET)
 <LI><a href="#[19]">PCI_IRQHandler</a> from cpm_drv.o(i.PCI_IRQHandler) referenced from startup_armcm4.o(RESET)
 <LI><a href="#[e]">PIT1_IRQHandler</a> from pit.o(i.PIT1_IRQHandler) referenced from startup_armcm4.o(RESET)
 <LI><a href="#[f]">PIT2_IRQHandler</a> from pit.o(i.PIT2_IRQHandler) referenced from startup_armcm4.o(RESET)
 <LI><a href="#[c]">PMU_IRQHandler</a> from startup_armcm4.o(.text) referenced from startup_armcm4.o(RESET)
 <LI><a href="#[1a]">PMU_RTC_IRQHandler</a> from rtc.o(i.PMU_RTC_IRQHandler) referenced from startup_armcm4.o(RESET)
 <LI><a href="#[30]">PWM0_IRQHandler</a> from pwm_drv.o(i.PWM0_IRQHandler) referenced from startup_armcm4.o(RESET)
 <LI><a href="#[31]">PWM1_IRQHandler</a> from pwm_drv.o(i.PWM1_IRQHandler) referenced from startup_armcm4.o(RESET)
 <LI><a href="#[32]">PWM2_IRQHandler</a> from pwm_drv.o(i.PWM2_IRQHandler) referenced from startup_armcm4.o(RESET)
 <LI><a href="#[33]">PWM3_IRQHandler</a> from pwm_drv.o(i.PWM3_IRQHandler) referenced from startup_armcm4.o(RESET)
 <LI><a href="#[9]">PendSV_Handler</a> from system_armcm4.o(i.PendSV_Handler) referenced from startup_armcm4.o(RESET)
 <LI><a href="#[1f]">QADC_IRQHandler</a> from startup_armcm4.o(.text) referenced from startup_armcm4.o(RESET)
 <LI><a href="#[2e]">RESERVED1</a> from startup_armcm4.o(.text) referenced from startup_armcm4.o(RESET)
 <LI><a href="#[49]">RESERVED2</a> from startup_armcm4.o(.text) referenced from startup_armcm4.o(RESET)
 <LI><a href="#[1b]">RSA_IRQHandler</a> from startup_armcm4.o(.text) referenced from startup_armcm4.o(RESET)
 <LI><a href="#[1]">Reset_Handler</a> from startup_armcm4.o(.text) referenced from startup_armcm4.o(RESET)
 <LI><a href="#[2b]">SCI1_IRQHandler</a> from uart.o(i.SCI1_IRQHandler) referenced from startup_armcm4.o(RESET)
 <LI><a href="#[2c]">SCI2_IRQHandler</a> from uart_drv.o(i.SCI2_IRQHandler) referenced from startup_armcm4.o(RESET)
 <LI><a href="#[48]">SCI3_IRQHandler</a> from startup_armcm4.o(.text) referenced from startup_armcm4.o(RESET)
 <LI><a href="#[16]">SEC_PGD_LD_FD_IRQHandler</a> from startup_armcm4.o(.text) referenced from startup_armcm4.o(RESET)
 <LI><a href="#[1c]">SHA_IRQHandler</a> from startup_armcm4.o(.text) referenced from startup_armcm4.o(RESET)
 <LI><a href="#[1e]">SMS4_IRQHandler</a> from startup_armcm4.o(.text) referenced from startup_armcm4.o(RESET)
 <LI><a href="#[25]">SPI1_IRQHandler</a> from startup_armcm4.o(.text) referenced from startup_armcm4.o(RESET)
 <LI><a href="#[26]">SPI2_IRQHandler</a> from startup_armcm4.o(.text) referenced from startup_armcm4.o(RESET)
 <LI><a href="#[27]">SPI3_IRQHandler</a> from startup_armcm4.o(.text) referenced from startup_armcm4.o(RESET)
 <LI><a href="#[28]">SPIM1_IRQHandler</a> from startup_armcm4.o(.text) referenced from startup_armcm4.o(RESET)
 <LI><a href="#[29]">SPIM2_IRQHandler</a> from startup_armcm4.o(.text) referenced from startup_armcm4.o(RESET)
 <LI><a href="#[2a]">SPIM3_IRQHandler</a> from startup_armcm4.o(.text) referenced from startup_armcm4.o(RESET)
 <LI><a href="#[7]">SVC_Handler</a> from system_armcm4.o(i.SVC_Handler) referenced from startup_armcm4.o(RESET)
 <LI><a href="#[a]">SysTick_Handler</a> from systick_drv.o(i.SysTick_Handler) referenced from startup_armcm4.o(RESET)
 <LI><a href="#[4e]">SystemInit</a> from system_armcm4.o(i.SystemInit) referenced from startup_armcm4.o(.text)
 <LI><a href="#[d]">TC_IRQHandler</a> from tc_drv.o(i.TC_IRQHandler) referenced from startup_armcm4.o(RESET)
 <LI><a href="#[15]">TRNG_IRQHandler</a> from startup_armcm4.o(.text) referenced from startup_armcm4.o(RESET)
 <LI><a href="#[22]">TSI_IRQHandler</a> from startup_armcm4.o(.text) referenced from startup_armcm4.o(RESET)
 <LI><a href="#[23]">USBC_IRQHandler</a> from usb_drv.o(i.USBC_IRQHandler) referenced from startup_armcm4.o(RESET)
 <LI><a href="#[4a]">USI1_IRQHandler</a> from startup_armcm4.o(.text) referenced from startup_armcm4.o(RESET)
 <LI><a href="#[2d]">USI2_IRQHandler</a> from startup_armcm4.o(.text) referenced from startup_armcm4.o(RESET)
 <LI><a href="#[6]">UsageFault_Handler</a> from system_armcm4.o(i.UsageFault_Handler) referenced from startup_armcm4.o(RESET)
 <LI><a href="#[4f]">__main</a> from entry.o(.ARM.Collect$$$$00000000) referenced from startup_armcm4.o(.text)
 <LI><a href="#[52]">_sputc</a> from printf8.o(i._sputc) referenced from printf8.o(i.__0sprintf$8)
 <LI><a href="#[51]">fputc</a> from uart.o(i.fputc) referenced from printf8.o(i.__0printf$8)
 <LI><a href="#[4b]">main</a> from main.o(i.main) referenced from entry9a.o(.ARM.Collect$$$$0000000B)
</UL>
<P>
<H3>
Global Symbols
</H3>
<P><STRONG><a name="[4f]"></a>__main</STRONG> (Thumb, 0 bytes, Stack size unknown bytes, entry.o(.ARM.Collect$$$$00000000))
<BR>[Address Reference Count : 1]<UL><LI> startup_armcm4.o(.text)
</UL>
<P><STRONG><a name="[229]"></a>_main_stk</STRONG> (Thumb, 0 bytes, Stack size unknown bytes, entry2.o(.ARM.Collect$$$$00000001))

<P><STRONG><a name="[53]"></a>_main_scatterload</STRONG> (Thumb, 0 bytes, Stack size unknown bytes, entry5.o(.ARM.Collect$$$$00000004))
<BR><BR>[Calls]<UL><LI><a href="#[54]">&gt;&gt;</a>&nbsp;&nbsp;&nbsp;__scatterload
</UL>

<P><STRONG><a name="[6b]"></a>__main_after_scatterload</STRONG> (Thumb, 0 bytes, Stack size unknown bytes, entry5.o(.ARM.Collect$$$$00000004))
<BR><BR>[Called By]<UL><LI><a href="#[54]">&gt;&gt;</a>&nbsp;&nbsp;&nbsp;__scatterload
</UL>

<P><STRONG><a name="[22a]"></a>_main_clock</STRONG> (Thumb, 0 bytes, Stack size unknown bytes, entry7b.o(.ARM.Collect$$$$00000008))

<P><STRONG><a name="[22b]"></a>_main_cpp_init</STRONG> (Thumb, 0 bytes, Stack size unknown bytes, entry8b.o(.ARM.Collect$$$$0000000A))

<P><STRONG><a name="[22c]"></a>_main_init</STRONG> (Thumb, 0 bytes, Stack size unknown bytes, entry9a.o(.ARM.Collect$$$$0000000B))

<P><STRONG><a name="[22d]"></a>__rt_final_cpp</STRONG> (Thumb, 0 bytes, Stack size unknown bytes, entry10a.o(.ARM.Collect$$$$0000000D))

<P><STRONG><a name="[22e]"></a>__rt_final_exit</STRONG> (Thumb, 0 bytes, Stack size unknown bytes, entry11a.o(.ARM.Collect$$$$0000000F))

<P><STRONG><a name="[1]"></a>Reset_Handler</STRONG> (Thumb, 78 bytes, Stack size 0 bytes, startup_armcm4.o(.text))
<BR>[Address Reference Count : 1]<UL><LI> startup_armcm4.o(RESET)
</UL>
<P><STRONG><a name="[1d]"></a>AES_IRQHandler</STRONG> (Thumb, 0 bytes, Stack size 0 bytes, startup_armcm4.o(.text))
<BR><BR>[Calls]<UL><LI><a href="#[1d]">&gt;&gt;</a>&nbsp;&nbsp;&nbsp;AES_IRQHandler
</UL>
<BR>[Called By]<UL><LI><a href="#[1d]">&gt;&gt;</a>&nbsp;&nbsp;&nbsp;AES_IRQHandler
</UL>
<BR>[Address Reference Count : 1]<UL><LI> startup_armcm4.o(RESET)
</UL>
<P><STRONG><a name="[18]"></a>ASYNC_TIMER_IRQHandler</STRONG> (Thumb, 0 bytes, Stack size 0 bytes, startup_armcm4.o(.text))
<BR>[Address Reference Count : 1]<UL><LI> startup_armcm4.o(RESET)
</UL>
<P><STRONG><a name="[44]"></a>CLCD_IRQHandler</STRONG> (Thumb, 0 bytes, Stack size 0 bytes, startup_armcm4.o(.text))
<BR>[Address Reference Count : 1]<UL><LI> startup_armcm4.o(RESET)
</UL>
<P><STRONG><a name="[20]"></a>DAC_IRQHandler</STRONG> (Thumb, 0 bytes, Stack size 0 bytes, startup_armcm4.o(.text))
<BR>[Address Reference Count : 1]<UL><LI> startup_armcm4.o(RESET)
</UL>
<P><STRONG><a name="[45]"></a>DCMI_IRQHandler</STRONG> (Thumb, 0 bytes, Stack size 0 bytes, startup_armcm4.o(.text))
<BR>[Address Reference Count : 1]<UL><LI> startup_armcm4.o(RESET)
</UL>
<P><STRONG><a name="[14]"></a>DMA2D_IRQHandler</STRONG> (Thumb, 0 bytes, Stack size 0 bytes, startup_armcm4.o(.text))
<BR>[Address Reference Count : 1]<UL><LI> startup_armcm4.o(RESET)
</UL>
<P><STRONG><a name="[b]"></a>EFM_IRQHandler</STRONG> (Thumb, 0 bytes, Stack size 0 bytes, startup_armcm4.o(.text))
<BR>[Address Reference Count : 1]<UL><LI> startup_armcm4.o(RESET)
</UL>
<P><STRONG><a name="[11]"></a>ENCR1_IRQHandler</STRONG> (Thumb, 0 bytes, Stack size 0 bytes, startup_armcm4.o(.text))
<BR>[Address Reference Count : 1]<UL><LI> startup_armcm4.o(RESET)
</UL>
<P><STRONG><a name="[36]"></a>EPORT0_2_IRQHandler</STRONG> (Thumb, 0 bytes, Stack size 0 bytes, startup_armcm4.o(.text))
<BR>[Address Reference Count : 1]<UL><LI> startup_armcm4.o(RESET)
</UL>
<P><STRONG><a name="[2f]"></a>I2C1_IRQHandler</STRONG> (Thumb, 0 bytes, Stack size 0 bytes, startup_armcm4.o(.text))
<BR>[Address Reference Count : 1]<UL><LI> startup_armcm4.o(RESET)
</UL>
<P><STRONG><a name="[21]"></a>MCC_IRQHandler</STRONG> (Thumb, 0 bytes, Stack size 0 bytes, startup_armcm4.o(.text))
<BR>[Address Reference Count : 1]<UL><LI> startup_armcm4.o(RESET)
</UL>
<P><STRONG><a name="[24]"></a>MIPI_IRQHandler</STRONG> (Thumb, 0 bytes, Stack size 0 bytes, startup_armcm4.o(.text))
<BR>[Address Reference Count : 1]<UL><LI> startup_armcm4.o(RESET)
</UL>
<P><STRONG><a name="[c]"></a>PMU_IRQHandler</STRONG> (Thumb, 0 bytes, Stack size 0 bytes, startup_armcm4.o(.text))
<BR>[Address Reference Count : 1]<UL><LI> startup_armcm4.o(RESET)
</UL>
<P><STRONG><a name="[1f]"></a>QADC_IRQHandler</STRONG> (Thumb, 0 bytes, Stack size 0 bytes, startup_armcm4.o(.text))
<BR>[Address Reference Count : 1]<UL><LI> startup_armcm4.o(RESET)
</UL>
<P><STRONG><a name="[2e]"></a>RESERVED1</STRONG> (Thumb, 0 bytes, Stack size 0 bytes, startup_armcm4.o(.text))
<BR>[Address Reference Count : 1]<UL><LI> startup_armcm4.o(RESET)
</UL>
<P><STRONG><a name="[49]"></a>RESERVED2</STRONG> (Thumb, 0 bytes, Stack size 0 bytes, startup_armcm4.o(.text))
<BR>[Address Reference Count : 1]<UL><LI> startup_armcm4.o(RESET)
</UL>
<P><STRONG><a name="[1b]"></a>RSA_IRQHandler</STRONG> (Thumb, 0 bytes, Stack size 0 bytes, startup_armcm4.o(.text))
<BR>[Address Reference Count : 1]<UL><LI> startup_armcm4.o(RESET)
</UL>
<P><STRONG><a name="[48]"></a>SCI3_IRQHandler</STRONG> (Thumb, 0 bytes, Stack size 0 bytes, startup_armcm4.o(.text))
<BR>[Address Reference Count : 1]<UL><LI> startup_armcm4.o(RESET)
</UL>
<P><STRONG><a name="[16]"></a>SEC_PGD_LD_FD_IRQHandler</STRONG> (Thumb, 0 bytes, Stack size 0 bytes, startup_armcm4.o(.text))
<BR>[Address Reference Count : 1]<UL><LI> startup_armcm4.o(RESET)
</UL>
<P><STRONG><a name="[1c]"></a>SHA_IRQHandler</STRONG> (Thumb, 0 bytes, Stack size 0 bytes, startup_armcm4.o(.text))
<BR>[Address Reference Count : 1]<UL><LI> startup_armcm4.o(RESET)
</UL>
<P><STRONG><a name="[1e]"></a>SMS4_IRQHandler</STRONG> (Thumb, 0 bytes, Stack size 0 bytes, startup_armcm4.o(.text))
<BR>[Address Reference Count : 1]<UL><LI> startup_armcm4.o(RESET)
</UL>
<P><STRONG><a name="[25]"></a>SPI1_IRQHandler</STRONG> (Thumb, 0 bytes, Stack size 0 bytes, startup_armcm4.o(.text))
<BR>[Address Reference Count : 1]<UL><LI> startup_armcm4.o(RESET)
</UL>
<P><STRONG><a name="[26]"></a>SPI2_IRQHandler</STRONG> (Thumb, 0 bytes, Stack size 0 bytes, startup_armcm4.o(.text))
<BR>[Address Reference Count : 1]<UL><LI> startup_armcm4.o(RESET)
</UL>
<P><STRONG><a name="[27]"></a>SPI3_IRQHandler</STRONG> (Thumb, 0 bytes, Stack size 0 bytes, startup_armcm4.o(.text))
<BR>[Address Reference Count : 1]<UL><LI> startup_armcm4.o(RESET)
</UL>
<P><STRONG><a name="[28]"></a>SPIM1_IRQHandler</STRONG> (Thumb, 0 bytes, Stack size 0 bytes, startup_armcm4.o(.text))
<BR>[Address Reference Count : 1]<UL><LI> startup_armcm4.o(RESET)
</UL>
<P><STRONG><a name="[29]"></a>SPIM2_IRQHandler</STRONG> (Thumb, 0 bytes, Stack size 0 bytes, startup_armcm4.o(.text))
<BR>[Address Reference Count : 1]<UL><LI> startup_armcm4.o(RESET)
</UL>
<P><STRONG><a name="[2a]"></a>SPIM3_IRQHandler</STRONG> (Thumb, 0 bytes, Stack size 0 bytes, startup_armcm4.o(.text))
<BR>[Address Reference Count : 1]<UL><LI> startup_armcm4.o(RESET)
</UL>
<P><STRONG><a name="[15]"></a>TRNG_IRQHandler</STRONG> (Thumb, 0 bytes, Stack size 0 bytes, startup_armcm4.o(.text))
<BR>[Address Reference Count : 1]<UL><LI> startup_armcm4.o(RESET)
</UL>
<P><STRONG><a name="[22]"></a>TSI_IRQHandler</STRONG> (Thumb, 0 bytes, Stack size 0 bytes, startup_armcm4.o(.text))
<BR>[Address Reference Count : 1]<UL><LI> startup_armcm4.o(RESET)
</UL>
<P><STRONG><a name="[4a]"></a>USI1_IRQHandler</STRONG> (Thumb, 0 bytes, Stack size 0 bytes, startup_armcm4.o(.text))
<BR>[Address Reference Count : 1]<UL><LI> startup_armcm4.o(RESET)
</UL>
<P><STRONG><a name="[2d]"></a>USI2_IRQHandler</STRONG> (Thumb, 0 bytes, Stack size 0 bytes, startup_armcm4.o(.text))
<BR>[Address Reference Count : 1]<UL><LI> startup_armcm4.o(RESET)
</UL>
<P><STRONG><a name="[55]"></a>__aeabi_uldivmod</STRONG> (Thumb, 98 bytes, Stack size 40 bytes, uldiv.o(.text))
<BR><BR>[Stack]<UL><LI>Max Depth = 40<LI>Call Chain = __aeabi_uldivmod
</UL>
<BR>[Calls]<UL><LI><a href="#[56]">&gt;&gt;</a>&nbsp;&nbsp;&nbsp;__aeabi_llsr
<LI><a href="#[57]">&gt;&gt;</a>&nbsp;&nbsp;&nbsp;__aeabi_llsl
</UL>
<BR>[Called By]<UL><LI><a href="#[146]">&gt;&gt;</a>&nbsp;&nbsp;&nbsp;data_display
<LI><a href="#[58]">&gt;&gt;</a>&nbsp;&nbsp;&nbsp;__aeabi_ldivmod
<LI><a href="#[200]">&gt;&gt;</a>&nbsp;&nbsp;&nbsp;_printf_core
</UL>

<P><STRONG><a name="[58]"></a>__aeabi_ldivmod</STRONG> (Thumb, 98 bytes, Stack size 24 bytes, ldiv.o(.text))
<BR><BR>[Stack]<UL><LI>Max Depth = 64<LI>Call Chain = __aeabi_ldivmod &rArr; __aeabi_uldivmod
</UL>
<BR>[Calls]<UL><LI><a href="#[55]">&gt;&gt;</a>&nbsp;&nbsp;&nbsp;__aeabi_uldivmod
</UL>
<BR>[Called By]<UL><LI><a href="#[148]">&gt;&gt;</a>&nbsp;&nbsp;&nbsp;pic_date_display
</UL>

<P><STRONG><a name="[22f]"></a>____aeabi_memcpy8$ret$move</STRONG> (Thumb, 0 bytes, Stack size 8 bytes, memmove.o(.text), UNUSED)

<P><STRONG><a name="[230]"></a>___aeabi_memmove4$ret</STRONG> (Thumb, 0 bytes, Stack size 8 bytes, memmove.o(.text), UNUSED)

<P><STRONG><a name="[231]"></a>___aeabi_memmove8$ret</STRONG> (Thumb, 0 bytes, Stack size 8 bytes, memmove.o(.text), UNUSED)

<P><STRONG><a name="[102]"></a>__aeabi_memcpy</STRONG> (Thumb, 66 bytes, Stack size 8 bytes, memmove.o(.text))
<BR><BR>[Stack]<UL><LI>Max Depth = 8<LI>Call Chain = __aeabi_memcpy
</UL>
<BR>[Called By]<UL><LI><a href="#[100]">&gt;&gt;</a>&nbsp;&nbsp;&nbsp;EFLASH_Write
</UL>

<P><STRONG><a name="[232]"></a>__aeabi_memcpy4</STRONG> (Thumb, 0 bytes, Stack size 8 bytes, memmove.o(.text), UNUSED)

<P><STRONG><a name="[113]"></a>__aeabi_memmove</STRONG> (Thumb, 0 bytes, Stack size 8 bytes, memmove.o(.text))
<BR><BR>[Stack]<UL><LI>Max Depth = 8<LI>Call Chain = __aeabi_memmove
</UL>
<BR>[Called By]<UL><LI><a href="#[10f]">&gt;&gt;</a>&nbsp;&nbsp;&nbsp;EncodeData
</UL>

<P><STRONG><a name="[233]"></a>memcpy</STRONG> (Thumb, 0 bytes, Stack size 8 bytes, memmove.o(.text), UNUSED)

<P><STRONG><a name="[234]"></a>memmove</STRONG> (Thumb, 0 bytes, Stack size 8 bytes, memmove.o(.text), UNUSED)

<P><STRONG><a name="[5a]"></a>__aeabi_memset</STRONG> (Thumb, 14 bytes, Stack size 0 bytes, memseta.o(.text))
<BR><BR>[Called By]<UL><LI><a href="#[5b]">&gt;&gt;</a>&nbsp;&nbsp;&nbsp;_memset$wrapper
<LI><a href="#[59]">&gt;&gt;</a>&nbsp;&nbsp;&nbsp;__aeabi_memclr
</UL>

<P><STRONG><a name="[235]"></a>__aeabi_memset4</STRONG> (Thumb, 0 bytes, Stack size 0 bytes, memseta.o(.text), UNUSED)

<P><STRONG><a name="[236]"></a>__aeabi_memset8</STRONG> (Thumb, 0 bytes, Stack size 0 bytes, memseta.o(.text), UNUSED)

<P><STRONG><a name="[59]"></a>__aeabi_memclr</STRONG> (Thumb, 4 bytes, Stack size 0 bytes, memseta.o(.text))
<BR><BR>[Calls]<UL><LI><a href="#[5a]">&gt;&gt;</a>&nbsp;&nbsp;&nbsp;__aeabi_memset
</UL>
<BR>[Called By]<UL><LI><a href="#[218]">&gt;&gt;</a>&nbsp;&nbsp;&nbsp;data_input
<LI><a href="#[13b]">&gt;&gt;</a>&nbsp;&nbsp;&nbsp;GBK_input
<LI><a href="#[87]">&gt;&gt;</a>&nbsp;&nbsp;&nbsp;Display_page
<LI><a href="#[7c]">&gt;&gt;</a>&nbsp;&nbsp;&nbsp;Ascii_input
<LI><a href="#[10f]">&gt;&gt;</a>&nbsp;&nbsp;&nbsp;EncodeData
<LI><a href="#[148]">&gt;&gt;</a>&nbsp;&nbsp;&nbsp;pic_date_display
<LI><a href="#[13f]">&gt;&gt;</a>&nbsp;&nbsp;&nbsp;download_page
<LI><a href="#[146]">&gt;&gt;</a>&nbsp;&nbsp;&nbsp;data_display
<LI><a href="#[c5]">&gt;&gt;</a>&nbsp;&nbsp;&nbsp;Run_Pointer
<LI><a href="#[141]">&gt;&gt;</a>&nbsp;&nbsp;&nbsp;RingSld_Display
<LI><a href="#[88]">&gt;&gt;</a>&nbsp;&nbsp;&nbsp;Display_pop_up
<LI><a href="#[cf]">&gt;&gt;</a>&nbsp;&nbsp;&nbsp;Circular_progress_bar
<LI><a href="#[115]">&gt;&gt;</a>&nbsp;&nbsp;&nbsp;FormatModule
<LI><a href="#[116]">&gt;&gt;</a>&nbsp;&nbsp;&nbsp;EncodeSourceData
</UL>

<P><STRONG><a name="[74]"></a>__aeabi_memclr4</STRONG> (Thumb, 0 bytes, Stack size 0 bytes, memseta.o(.text))
<BR><BR>[Called By]<UL><LI><a href="#[73]">&gt;&gt;</a>&nbsp;&nbsp;&nbsp;Address_Index
<LI><a href="#[142]">&gt;&gt;</a>&nbsp;&nbsp;&nbsp;Get_Touch_info_download
<LI><a href="#[85]">&gt;&gt;</a>&nbsp;&nbsp;&nbsp;Get_Touch_info
<LI><a href="#[86]">&gt;&gt;</a>&nbsp;&nbsp;&nbsp;LT_Print_zk_Font
</UL>

<P><STRONG><a name="[237]"></a>__aeabi_memclr8</STRONG> (Thumb, 0 bytes, Stack size 0 bytes, memseta.o(.text), UNUSED)

<P><STRONG><a name="[5b]"></a>_memset$wrapper</STRONG> (Thumb, 18 bytes, Stack size 8 bytes, memseta.o(.text), UNUSED)
<BR><BR>[Calls]<UL><LI><a href="#[5a]">&gt;&gt;</a>&nbsp;&nbsp;&nbsp;__aeabi_memset
</UL>

<P><STRONG><a name="[110]"></a>strlen</STRONG> (Thumb, 14 bytes, Stack size 0 bytes, strlen.o(.text))
<BR><BR>[Called By]<UL><LI><a href="#[10f]">&gt;&gt;</a>&nbsp;&nbsp;&nbsp;EncodeData
</UL>

<P><STRONG><a name="[5c]"></a>__aeabi_dadd</STRONG> (Thumb, 322 bytes, Stack size 48 bytes, dadd.o(.text))
<BR><BR>[Stack]<UL><LI>Max Depth = 88<LI>Call Chain = __aeabi_dadd &rArr; _double_epilogue &rArr; _double_round
</UL>
<BR>[Calls]<UL><LI><a href="#[5d]">&gt;&gt;</a>&nbsp;&nbsp;&nbsp;__aeabi_lasr
<LI><a href="#[57]">&gt;&gt;</a>&nbsp;&nbsp;&nbsp;__aeabi_llsl
<LI><a href="#[5f]">&gt;&gt;</a>&nbsp;&nbsp;&nbsp;_double_round
<LI><a href="#[5e]">&gt;&gt;</a>&nbsp;&nbsp;&nbsp;_double_epilogue
</UL>
<BR>[Called By]<UL><LI><a href="#[213]">&gt;&gt;</a>&nbsp;&nbsp;&nbsp;buff_to_var
<LI><a href="#[60]">&gt;&gt;</a>&nbsp;&nbsp;&nbsp;__aeabi_dsub
<LI><a href="#[61]">&gt;&gt;</a>&nbsp;&nbsp;&nbsp;__aeabi_drsub
<LI><a href="#[d4]">&gt;&gt;</a>&nbsp;&nbsp;&nbsp;__hardfp_pow
<LI><a href="#[20d]">&gt;&gt;</a>&nbsp;&nbsp;&nbsp;__kernel_poly
<LI><a href="#[205]">&gt;&gt;</a>&nbsp;&nbsp;&nbsp;__mathlib_dbl_infnan2
</UL>

<P><STRONG><a name="[60]"></a>__aeabi_dsub</STRONG> (Thumb, 6 bytes, Stack size 0 bytes, dadd.o(.text))
<BR><BR>[Stack]<UL><LI>Max Depth = 88<LI>Call Chain = __aeabi_dsub &rArr; __aeabi_dadd &rArr; _double_epilogue &rArr; _double_round
</UL>
<BR>[Calls]<UL><LI><a href="#[5c]">&gt;&gt;</a>&nbsp;&nbsp;&nbsp;__aeabi_dadd
</UL>
<BR>[Called By]<UL><LI><a href="#[d4]">&gt;&gt;</a>&nbsp;&nbsp;&nbsp;__hardfp_pow
</UL>

<P><STRONG><a name="[61]"></a>__aeabi_drsub</STRONG> (Thumb, 6 bytes, Stack size 0 bytes, dadd.o(.text))
<BR><BR>[Stack]<UL><LI>Max Depth = 88<LI>Call Chain = __aeabi_drsub &rArr; __aeabi_dadd &rArr; _double_epilogue &rArr; _double_round
</UL>
<BR>[Calls]<UL><LI><a href="#[5c]">&gt;&gt;</a>&nbsp;&nbsp;&nbsp;__aeabi_dadd
</UL>
<BR>[Called By]<UL><LI><a href="#[d4]">&gt;&gt;</a>&nbsp;&nbsp;&nbsp;__hardfp_pow
</UL>

<P><STRONG><a name="[62]"></a>__aeabi_dmul</STRONG> (Thumb, 228 bytes, Stack size 48 bytes, dmul.o(.text))
<BR><BR>[Stack]<UL><LI>Max Depth = 88<LI>Call Chain = __aeabi_dmul &rArr; _double_epilogue &rArr; _double_round
</UL>
<BR>[Calls]<UL><LI><a href="#[5e]">&gt;&gt;</a>&nbsp;&nbsp;&nbsp;_double_epilogue
</UL>
<BR>[Called By]<UL><LI><a href="#[213]">&gt;&gt;</a>&nbsp;&nbsp;&nbsp;buff_to_var
<LI><a href="#[d4]">&gt;&gt;</a>&nbsp;&nbsp;&nbsp;__hardfp_pow
<LI><a href="#[20d]">&gt;&gt;</a>&nbsp;&nbsp;&nbsp;__kernel_poly
<LI><a href="#[20c]">&gt;&gt;</a>&nbsp;&nbsp;&nbsp;__mathlib_dbl_underflow
<LI><a href="#[208]">&gt;&gt;</a>&nbsp;&nbsp;&nbsp;__mathlib_dbl_overflow
</UL>

<P><STRONG><a name="[63]"></a>__aeabi_ddiv</STRONG> (Thumb, 222 bytes, Stack size 32 bytes, ddiv.o(.text))
<BR><BR>[Stack]<UL><LI>Max Depth = 40<LI>Call Chain = __aeabi_ddiv &rArr; _double_round
</UL>
<BR>[Calls]<UL><LI><a href="#[5f]">&gt;&gt;</a>&nbsp;&nbsp;&nbsp;_double_round
</UL>
<BR>[Called By]<UL><LI><a href="#[181]">&gt;&gt;</a>&nbsp;&nbsp;&nbsp;LT768_DrawLine_Width
<LI><a href="#[d4]">&gt;&gt;</a>&nbsp;&nbsp;&nbsp;__hardfp_pow
<LI><a href="#[20b]">&gt;&gt;</a>&nbsp;&nbsp;&nbsp;__mathlib_dbl_invalid
<LI><a href="#[207]">&gt;&gt;</a>&nbsp;&nbsp;&nbsp;__mathlib_dbl_divzero
</UL>

<P><STRONG><a name="[64]"></a>__aeabi_i2d</STRONG> (Thumb, 34 bytes, Stack size 16 bytes, dflti.o(.text))
<BR><BR>[Stack]<UL><LI>Max Depth = 56<LI>Call Chain = __aeabi_i2d &rArr; _double_epilogue &rArr; _double_round
</UL>
<BR>[Calls]<UL><LI><a href="#[5e]">&gt;&gt;</a>&nbsp;&nbsp;&nbsp;_double_epilogue
</UL>
<BR>[Called By]<UL><LI><a href="#[181]">&gt;&gt;</a>&nbsp;&nbsp;&nbsp;LT768_DrawLine_Width
<LI><a href="#[148]">&gt;&gt;</a>&nbsp;&nbsp;&nbsp;pic_date_display
<LI><a href="#[213]">&gt;&gt;</a>&nbsp;&nbsp;&nbsp;buff_to_var
<LI><a href="#[c5]">&gt;&gt;</a>&nbsp;&nbsp;&nbsp;Run_Pointer
<LI><a href="#[141]">&gt;&gt;</a>&nbsp;&nbsp;&nbsp;RingSld_Display
<LI><a href="#[cf]">&gt;&gt;</a>&nbsp;&nbsp;&nbsp;Circular_progress_bar
<LI><a href="#[d4]">&gt;&gt;</a>&nbsp;&nbsp;&nbsp;__hardfp_pow
</UL>

<P><STRONG><a name="[65]"></a>__aeabi_ui2d</STRONG> (Thumb, 26 bytes, Stack size 16 bytes, dfltui.o(.text))
<BR><BR>[Stack]<UL><LI>Max Depth = 56<LI>Call Chain = __aeabi_ui2d &rArr; _double_epilogue &rArr; _double_round
</UL>
<BR>[Calls]<UL><LI><a href="#[5e]">&gt;&gt;</a>&nbsp;&nbsp;&nbsp;_double_epilogue
</UL>
<BR>[Called By]<UL><LI><a href="#[153]">&gt;&gt;</a>&nbsp;&nbsp;&nbsp;Get_date_variable_Id_Regular_update
<LI><a href="#[7a]">&gt;&gt;</a>&nbsp;&nbsp;&nbsp;page_date_update
<LI><a href="#[ee]">&gt;&gt;</a>&nbsp;&nbsp;&nbsp;Get_date_variable_Id
<LI><a href="#[148]">&gt;&gt;</a>&nbsp;&nbsp;&nbsp;pic_date_display
<LI><a href="#[146]">&gt;&gt;</a>&nbsp;&nbsp;&nbsp;data_display
<LI><a href="#[c5]">&gt;&gt;</a>&nbsp;&nbsp;&nbsp;Run_Pointer
<LI><a href="#[141]">&gt;&gt;</a>&nbsp;&nbsp;&nbsp;RingSld_Display
<LI><a href="#[cf]">&gt;&gt;</a>&nbsp;&nbsp;&nbsp;Circular_progress_bar
</UL>

<P><STRONG><a name="[66]"></a>__aeabi_l2d</STRONG> (Thumb, 40 bytes, Stack size 24 bytes, dfltl.o(.text))
<BR><BR>[Stack]<UL><LI>Max Depth = 64<LI>Call Chain = __aeabi_l2d &rArr; _double_epilogue &rArr; _double_round
</UL>
<BR>[Calls]<UL><LI><a href="#[5e]">&gt;&gt;</a>&nbsp;&nbsp;&nbsp;_double_epilogue
</UL>
<BR>[Called By]<UL><LI><a href="#[213]">&gt;&gt;</a>&nbsp;&nbsp;&nbsp;buff_to_var
</UL>

<P><STRONG><a name="[67]"></a>__aeabi_d2iz</STRONG> (Thumb, 62 bytes, Stack size 16 bytes, dfixi.o(.text))
<BR><BR>[Stack]<UL><LI>Max Depth = 16<LI>Call Chain = __aeabi_d2iz
</UL>
<BR>[Calls]<UL><LI><a href="#[56]">&gt;&gt;</a>&nbsp;&nbsp;&nbsp;__aeabi_llsr
</UL>
<BR>[Called By]<UL><LI><a href="#[148]">&gt;&gt;</a>&nbsp;&nbsp;&nbsp;pic_date_display
<LI><a href="#[c5]">&gt;&gt;</a>&nbsp;&nbsp;&nbsp;Run_Pointer
<LI><a href="#[141]">&gt;&gt;</a>&nbsp;&nbsp;&nbsp;RingSld_Display
<LI><a href="#[cf]">&gt;&gt;</a>&nbsp;&nbsp;&nbsp;Circular_progress_bar
</UL>

<P><STRONG><a name="[68]"></a>__aeabi_d2lz</STRONG> (Thumb, 74 bytes, Stack size 16 bytes, dfixl.o(.text))
<BR><BR>[Stack]<UL><LI>Max Depth = 16<LI>Call Chain = __aeabi_d2lz
</UL>
<BR>[Calls]<UL><LI><a href="#[56]">&gt;&gt;</a>&nbsp;&nbsp;&nbsp;__aeabi_llsr
<LI><a href="#[57]">&gt;&gt;</a>&nbsp;&nbsp;&nbsp;__aeabi_llsl
</UL>
<BR>[Called By]<UL><LI><a href="#[148]">&gt;&gt;</a>&nbsp;&nbsp;&nbsp;pic_date_display
<LI><a href="#[213]">&gt;&gt;</a>&nbsp;&nbsp;&nbsp;buff_to_var
</UL>

<P><STRONG><a name="[69]"></a>__aeabi_d2ulz</STRONG> (Thumb, 48 bytes, Stack size 0 bytes, dfixul.o(.text))
<BR><BR>[Calls]<UL><LI><a href="#[56]">&gt;&gt;</a>&nbsp;&nbsp;&nbsp;__aeabi_llsr
<LI><a href="#[57]">&gt;&gt;</a>&nbsp;&nbsp;&nbsp;__aeabi_llsl
</UL>
<BR>[Called By]<UL><LI><a href="#[146]">&gt;&gt;</a>&nbsp;&nbsp;&nbsp;data_display
</UL>

<P><STRONG><a name="[238]"></a>__aeabi_cdcmpeq</STRONG> (Thumb, 0 bytes, Stack size 0 bytes, cdcmple.o(.text), UNUSED)

<P><STRONG><a name="[145]"></a>__aeabi_cdcmple</STRONG> (Thumb, 48 bytes, Stack size 0 bytes, cdcmple.o(.text))
<BR><BR>[Called By]<UL><LI><a href="#[153]">&gt;&gt;</a>&nbsp;&nbsp;&nbsp;Get_date_variable_Id_Regular_update
<LI><a href="#[7a]">&gt;&gt;</a>&nbsp;&nbsp;&nbsp;page_date_update
<LI><a href="#[181]">&gt;&gt;</a>&nbsp;&nbsp;&nbsp;LT768_DrawLine_Width
<LI><a href="#[ee]">&gt;&gt;</a>&nbsp;&nbsp;&nbsp;Get_date_variable_Id
</UL>

<P><STRONG><a name="[182]"></a>__aeabi_cdrcmple</STRONG> (Thumb, 48 bytes, Stack size 0 bytes, cdrcmple.o(.text))
<BR><BR>[Called By]<UL><LI><a href="#[181]">&gt;&gt;</a>&nbsp;&nbsp;&nbsp;LT768_DrawLine_Width
<LI><a href="#[d4]">&gt;&gt;</a>&nbsp;&nbsp;&nbsp;__hardfp_pow
</UL>

<P><STRONG><a name="[57]"></a>__aeabi_llsl</STRONG> (Thumb, 30 bytes, Stack size 0 bytes, llshl.o(.text))
<BR><BR>[Called By]<UL><LI><a href="#[5c]">&gt;&gt;</a>&nbsp;&nbsp;&nbsp;__aeabi_dadd
<LI><a href="#[69]">&gt;&gt;</a>&nbsp;&nbsp;&nbsp;__aeabi_d2ulz
<LI><a href="#[68]">&gt;&gt;</a>&nbsp;&nbsp;&nbsp;__aeabi_d2lz
<LI><a href="#[55]">&gt;&gt;</a>&nbsp;&nbsp;&nbsp;__aeabi_uldivmod
<LI><a href="#[5e]">&gt;&gt;</a>&nbsp;&nbsp;&nbsp;_double_epilogue
</UL>

<P><STRONG><a name="[239]"></a>_ll_shift_l</STRONG> (Thumb, 0 bytes, Stack size 0 bytes, llshl.o(.text), UNUSED)

<P><STRONG><a name="[56]"></a>__aeabi_llsr</STRONG> (Thumb, 32 bytes, Stack size 0 bytes, llushr.o(.text))
<BR><BR>[Called By]<UL><LI><a href="#[69]">&gt;&gt;</a>&nbsp;&nbsp;&nbsp;__aeabi_d2ulz
<LI><a href="#[68]">&gt;&gt;</a>&nbsp;&nbsp;&nbsp;__aeabi_d2lz
<LI><a href="#[67]">&gt;&gt;</a>&nbsp;&nbsp;&nbsp;__aeabi_d2iz
<LI><a href="#[55]">&gt;&gt;</a>&nbsp;&nbsp;&nbsp;__aeabi_uldivmod
<LI><a href="#[6a]">&gt;&gt;</a>&nbsp;&nbsp;&nbsp;_dsqrt
<LI><a href="#[5e]">&gt;&gt;</a>&nbsp;&nbsp;&nbsp;_double_epilogue
</UL>

<P><STRONG><a name="[23a]"></a>_ll_ushift_r</STRONG> (Thumb, 0 bytes, Stack size 0 bytes, llushr.o(.text), UNUSED)

<P><STRONG><a name="[5d]"></a>__aeabi_lasr</STRONG> (Thumb, 36 bytes, Stack size 0 bytes, llsshr.o(.text))
<BR><BR>[Called By]<UL><LI><a href="#[5c]">&gt;&gt;</a>&nbsp;&nbsp;&nbsp;__aeabi_dadd
</UL>

<P><STRONG><a name="[23b]"></a>_ll_sshift_r</STRONG> (Thumb, 0 bytes, Stack size 0 bytes, llsshr.o(.text), UNUSED)

<P><STRONG><a name="[23c]"></a>__I$use$fp</STRONG> (Thumb, 0 bytes, Stack size 8 bytes, iusefp.o(.text), UNUSED)

<P><STRONG><a name="[5f]"></a>_double_round</STRONG> (Thumb, 30 bytes, Stack size 8 bytes, depilogue.o(.text))
<BR><BR>[Stack]<UL><LI>Max Depth = 8<LI>Call Chain = _double_round
</UL>
<BR>[Called By]<UL><LI><a href="#[5c]">&gt;&gt;</a>&nbsp;&nbsp;&nbsp;__aeabi_dadd
<LI><a href="#[63]">&gt;&gt;</a>&nbsp;&nbsp;&nbsp;__aeabi_ddiv
<LI><a href="#[6a]">&gt;&gt;</a>&nbsp;&nbsp;&nbsp;_dsqrt
<LI><a href="#[5e]">&gt;&gt;</a>&nbsp;&nbsp;&nbsp;_double_epilogue
</UL>

<P><STRONG><a name="[5e]"></a>_double_epilogue</STRONG> (Thumb, 156 bytes, Stack size 32 bytes, depilogue.o(.text))
<BR><BR>[Stack]<UL><LI>Max Depth = 40<LI>Call Chain = _double_epilogue &rArr; _double_round
</UL>
<BR>[Calls]<UL><LI><a href="#[56]">&gt;&gt;</a>&nbsp;&nbsp;&nbsp;__aeabi_llsr
<LI><a href="#[57]">&gt;&gt;</a>&nbsp;&nbsp;&nbsp;__aeabi_llsl
<LI><a href="#[5f]">&gt;&gt;</a>&nbsp;&nbsp;&nbsp;_double_round
</UL>
<BR>[Called By]<UL><LI><a href="#[65]">&gt;&gt;</a>&nbsp;&nbsp;&nbsp;__aeabi_ui2d
<LI><a href="#[66]">&gt;&gt;</a>&nbsp;&nbsp;&nbsp;__aeabi_l2d
<LI><a href="#[64]">&gt;&gt;</a>&nbsp;&nbsp;&nbsp;__aeabi_i2d
<LI><a href="#[62]">&gt;&gt;</a>&nbsp;&nbsp;&nbsp;__aeabi_dmul
<LI><a href="#[5c]">&gt;&gt;</a>&nbsp;&nbsp;&nbsp;__aeabi_dadd
</UL>

<P><STRONG><a name="[20e]"></a>__ARM_scalbn</STRONG> (Thumb, 46 bytes, Stack size 16 bytes, dscalb.o(.text))
<BR><BR>[Stack]<UL><LI>Max Depth = 16<LI>Call Chain = __ARM_scalbn
</UL>
<BR>[Called By]<UL><LI><a href="#[d4]">&gt;&gt;</a>&nbsp;&nbsp;&nbsp;__hardfp_pow
</UL>

<P><STRONG><a name="[23d]"></a>scalbn</STRONG> (Thumb, 0 bytes, Stack size 16 bytes, dscalb.o(.text), UNUSED)

<P><STRONG><a name="[6a]"></a>_dsqrt</STRONG> (Thumb, 162 bytes, Stack size 32 bytes, dsqrt.o(.text))
<BR><BR>[Stack]<UL><LI>Max Depth = 40<LI>Call Chain = _dsqrt &rArr; _double_round
</UL>
<BR>[Calls]<UL><LI><a href="#[56]">&gt;&gt;</a>&nbsp;&nbsp;&nbsp;__aeabi_llsr
<LI><a href="#[5f]">&gt;&gt;</a>&nbsp;&nbsp;&nbsp;_double_round
</UL>
<BR>[Called By]<UL><LI><a href="#[209]">&gt;&gt;</a>&nbsp;&nbsp;&nbsp;sqrt
</UL>

<P><STRONG><a name="[203]"></a>__ARM_fcmp4</STRONG> (Thumb, 54 bytes, Stack size 0 bytes, fcmp4.o(.text))
<BR><BR>[Called By]<UL><LI><a href="#[204]">&gt;&gt;</a>&nbsp;&nbsp;&nbsp;__hardfp_fminf
<LI><a href="#[202]">&gt;&gt;</a>&nbsp;&nbsp;&nbsp;__hardfp_fmaxf
</UL>

<P><STRONG><a name="[23e]"></a>_fcmp4</STRONG> (Thumb, 0 bytes, Stack size 0 bytes, fcmp4.o(.text), UNUSED)

<P><STRONG><a name="[54]"></a>__scatterload</STRONG> (Thumb, 28 bytes, Stack size 0 bytes, init.o(.text))
<BR><BR>[Calls]<UL><LI><a href="#[6b]">&gt;&gt;</a>&nbsp;&nbsp;&nbsp;__main_after_scatterload
</UL>
<BR>[Called By]<UL><LI><a href="#[53]">&gt;&gt;</a>&nbsp;&nbsp;&nbsp;_main_scatterload
</UL>

<P><STRONG><a name="[23f]"></a>__scatterload_rt2</STRONG> (Thumb, 0 bytes, Stack size 0 bytes, init.o(.text), UNUSED)

<P><STRONG><a name="[240]"></a>__decompress</STRONG> (Thumb, 0 bytes, Stack size unknown bytes, __dczerorl2.o(.text), UNUSED)

<P><STRONG><a name="[241]"></a>__decompress1</STRONG> (Thumb, 86 bytes, Stack size unknown bytes, __dczerorl2.o(.text), UNUSED)

<P><STRONG><a name="[6c]"></a>APP</STRONG> (Thumb, 40 bytes, Stack size 8 bytes, bsp.o(i.APP))
<BR><BR>[Stack]<UL><LI>Max Depth = 88<LI>Call Chain = APP &rArr; LT768_PWM1_Init &rArr; Stop_PWM1 &rArr; LCD_DataRead &rArr; EPORT_WriteGpioData &rArr; assert_failed &rArr; __2printf
</UL>
<BR>[Calls]<UL><LI><a href="#[6d]">&gt;&gt;</a>&nbsp;&nbsp;&nbsp;LT768_PWM1_Init
<LI><a href="#[6f]">&gt;&gt;</a>&nbsp;&nbsp;&nbsp;Soft_Reset
<LI><a href="#[6e]">&gt;&gt;</a>&nbsp;&nbsp;&nbsp;DelayMS
</UL>
<BR>[Called By]<UL><LI><a href="#[1b6]">&gt;&gt;</a>&nbsp;&nbsp;&nbsp;LT_ReceiveCmd
</UL>

<P><STRONG><a name="[70]"></a>Active_Window_WH</STRONG> (Thumb, 42 bytes, Stack size 16 bytes, lt768.o(i.Active_Window_WH))
<BR><BR>[Stack]<UL><LI>Max Depth = 72<LI>Call Chain = Active_Window_WH &rArr; LCD_RegisterWrite &rArr; LCD_CmdWrite &rArr; EPORT_WriteGpioData &rArr; assert_failed &rArr; __2printf
</UL>
<BR>[Calls]<UL><LI><a href="#[71]">&gt;&gt;</a>&nbsp;&nbsp;&nbsp;LCD_RegisterWrite
</UL>
<BR>[Called By]<UL><LI><a href="#[18d]">&gt;&gt;</a>&nbsp;&nbsp;&nbsp;LT768_Init
<LI><a href="#[18b]">&gt;&gt;</a>&nbsp;&nbsp;&nbsp;LT768_Draw_16bit_2
<LI><a href="#[18a]">&gt;&gt;</a>&nbsp;&nbsp;&nbsp;LT768_Draw_16bit
<LI><a href="#[db]">&gt;&gt;</a>&nbsp;&nbsp;&nbsp;Real_time_curve_display_static
<LI><a href="#[1b3]">&gt;&gt;</a>&nbsp;&nbsp;&nbsp;LT_Print_zk_Scroll
<LI><a href="#[86]">&gt;&gt;</a>&nbsp;&nbsp;&nbsp;LT_Print_zk_Font
<LI><a href="#[84]">&gt;&gt;</a>&nbsp;&nbsp;&nbsp;LT_Print_zk_ASCII
</UL>

<P><STRONG><a name="[72]"></a>Active_Window_XY</STRONG> (Thumb, 42 bytes, Stack size 16 bytes, lt768.o(i.Active_Window_XY))
<BR><BR>[Stack]<UL><LI>Max Depth = 72<LI>Call Chain = Active_Window_XY &rArr; LCD_RegisterWrite &rArr; LCD_CmdWrite &rArr; EPORT_WriteGpioData &rArr; assert_failed &rArr; __2printf
</UL>
<BR>[Calls]<UL><LI><a href="#[71]">&gt;&gt;</a>&nbsp;&nbsp;&nbsp;LCD_RegisterWrite
</UL>
<BR>[Called By]<UL><LI><a href="#[18d]">&gt;&gt;</a>&nbsp;&nbsp;&nbsp;LT768_Init
<LI><a href="#[18b]">&gt;&gt;</a>&nbsp;&nbsp;&nbsp;LT768_Draw_16bit_2
<LI><a href="#[18a]">&gt;&gt;</a>&nbsp;&nbsp;&nbsp;LT768_Draw_16bit
<LI><a href="#[db]">&gt;&gt;</a>&nbsp;&nbsp;&nbsp;Real_time_curve_display_static
<LI><a href="#[1b3]">&gt;&gt;</a>&nbsp;&nbsp;&nbsp;LT_Print_zk_Scroll
<LI><a href="#[86]">&gt;&gt;</a>&nbsp;&nbsp;&nbsp;LT_Print_zk_Font
<LI><a href="#[84]">&gt;&gt;</a>&nbsp;&nbsp;&nbsp;LT_Print_zk_ASCII
</UL>

<P><STRONG><a name="[73]"></a>Address_Index</STRONG> (Thumb, 510 bytes, Stack size 96 bytes, levetop.o(i.Address_Index))
<BR><BR>[Stack]<UL><LI>Max Depth = 2256<LI>Call Chain = Address_Index &rArr; Flash_Read_UI &rArr; Mcu_ReadPageAddr_Data &rArr; Mcu_Write_SR &rArr; Mcu_Write_Enable &rArr; MCU_SS_SET &rArr; EPORT_WriteGpioData &rArr; assert_failed &rArr; __2printf
</UL>
<BR>[Calls]<UL><LI><a href="#[75]">&gt;&gt;</a>&nbsp;&nbsp;&nbsp;Flash_Read_UI
<LI><a href="#[74]">&gt;&gt;</a>&nbsp;&nbsp;&nbsp;__aeabi_memclr4
</UL>
<BR>[Called By]<UL><LI><a href="#[79]">&gt;&gt;</a>&nbsp;&nbsp;&nbsp;reg_operation
<LI><a href="#[1b6]">&gt;&gt;</a>&nbsp;&nbsp;&nbsp;LT_ReceiveCmd
<LI><a href="#[1db]">&gt;&gt;</a>&nbsp;&nbsp;&nbsp;PeripheralInit
</UL>

<P><STRONG><a name="[76]"></a>Adj_touch</STRONG> (Thumb, 2756 bytes, Stack size 56 bytes, bsp.o(i.Adj_touch))
<BR><BR>[Stack]<UL><LI>Max Depth = 13408<LI>Call Chain = Adj_touch &rArr; reg_operation &rArr;  Display_page (Cycle)
</UL>
<BR>[Calls]<UL><LI><a href="#[79]">&gt;&gt;</a>&nbsp;&nbsp;&nbsp;reg_operation
<LI><a href="#[7a]">&gt;&gt;</a>&nbsp;&nbsp;&nbsp;page_date_update
<LI><a href="#[7b]">&gt;&gt;</a>&nbsp;&nbsp;&nbsp;LT_SendData_CRC_Frame
<LI><a href="#[78]">&gt;&gt;</a>&nbsp;&nbsp;&nbsp;touch_buzzer
<LI><a href="#[77]">&gt;&gt;</a>&nbsp;&nbsp;&nbsp;Display_Icon
</UL>
<BR>[Called By]<UL><LI><a href="#[4b]">&gt;&gt;</a>&nbsp;&nbsp;&nbsp;main
</UL>

<P><STRONG><a name="[11b]"></a>AlphabetToBinaly</STRONG> (Thumb, 94 bytes, Stack size 0 bytes, qr_encode.o(i.AlphabetToBinaly))
<BR><BR>[Called By]<UL><LI><a href="#[116]">&gt;&gt;</a>&nbsp;&nbsp;&nbsp;EncodeSourceData
</UL>

<P><STRONG><a name="[7c]"></a>Ascii_input</STRONG> (Thumb, 6874 bytes, Stack size 200 bytes, bsp.o(i.Ascii_input))
<BR><BR>[Stack]<UL><LI>Max Depth = 13992<LI>Call Chain = Ascii_input &rArr; Display_page &rArr; Get_date_variable_Id &rArr; gif_display &rArr; LT_ShowGifPicture &rArr; reg_operation &rArr;  Display_page (Cycle)
</UL>
<BR>[Calls]<UL><LI><a href="#[7d]">&gt;&gt;</a>&nbsp;&nbsp;&nbsp;LT768_BTE_Memory_Copy
<LI><a href="#[75]">&gt;&gt;</a>&nbsp;&nbsp;&nbsp;Flash_Read_UI
<LI><a href="#[87]">&gt;&gt;</a>&nbsp;&nbsp;&nbsp;Display_page
<LI><a href="#[7b]">&gt;&gt;</a>&nbsp;&nbsp;&nbsp;LT_SendData_CRC_Frame
<LI><a href="#[81]">&gt;&gt;</a>&nbsp;&nbsp;&nbsp;LT768_DMA_24bit_Block_Or_Line_16bpp
<LI><a href="#[82]">&gt;&gt;</a>&nbsp;&nbsp;&nbsp;LT768_BTE_Memory_Copy_Chroma_key
<LI><a href="#[85]">&gt;&gt;</a>&nbsp;&nbsp;&nbsp;Get_Touch_info
<LI><a href="#[80]">&gt;&gt;</a>&nbsp;&nbsp;&nbsp;Canvas_image_width
<LI><a href="#[7f]">&gt;&gt;</a>&nbsp;&nbsp;&nbsp;Canvas_Image_Start_address
<LI><a href="#[83]">&gt;&gt;</a>&nbsp;&nbsp;&nbsp;BTE_Pixel_16bpp_Alpha_Blending
<LI><a href="#[78]">&gt;&gt;</a>&nbsp;&nbsp;&nbsp;touch_buzzer
<LI><a href="#[86]">&gt;&gt;</a>&nbsp;&nbsp;&nbsp;LT_Print_zk_Font
<LI><a href="#[84]">&gt;&gt;</a>&nbsp;&nbsp;&nbsp;LT_Print_zk_ASCII
<LI><a href="#[7e]">&gt;&gt;</a>&nbsp;&nbsp;&nbsp;Get_Canvas_Width
<LI><a href="#[88]">&gt;&gt;</a>&nbsp;&nbsp;&nbsp;Display_pop_up
<LI><a href="#[59]">&gt;&gt;</a>&nbsp;&nbsp;&nbsp;__aeabi_memclr
</UL>
<BR>[Called By]<UL><LI><a href="#[4b]">&gt;&gt;</a>&nbsp;&nbsp;&nbsp;main
</UL>

<P><STRONG><a name="[89]"></a>BTE_Alpha_Blending</STRONG> (Thumb, 152 bytes, Stack size 40 bytes, lt768_lib.o(i.BTE_Alpha_Blending))
<BR><BR>[Stack]<UL><LI>Max Depth = 112<LI>Call Chain = BTE_Alpha_Blending &rArr; BTE_Destination_Window_Start_XY &rArr; LCD_RegisterWrite &rArr; LCD_CmdWrite &rArr; EPORT_WriteGpioData &rArr; assert_failed &rArr; __2printf
</UL>
<BR>[Calls]<UL><LI><a href="#[91]">&gt;&gt;</a>&nbsp;&nbsp;&nbsp;BTE_S0_Image_Width
<LI><a href="#[8d]">&gt;&gt;</a>&nbsp;&nbsp;&nbsp;BTE_S0_Color_24bpp
<LI><a href="#[8a]">&gt;&gt;</a>&nbsp;&nbsp;&nbsp;BTE_S0_Color_16bpp
<LI><a href="#[9a]">&gt;&gt;</a>&nbsp;&nbsp;&nbsp;BTE_Operation_Code
<LI><a href="#[9c]">&gt;&gt;</a>&nbsp;&nbsp;&nbsp;BTE_Enable
<LI><a href="#[98]">&gt;&gt;</a>&nbsp;&nbsp;&nbsp;BTE_Destination_Window_Start_XY
<LI><a href="#[96]">&gt;&gt;</a>&nbsp;&nbsp;&nbsp;BTE_Destination_Memory_Start_Address
<LI><a href="#[97]">&gt;&gt;</a>&nbsp;&nbsp;&nbsp;BTE_Destination_Image_Width
<LI><a href="#[8f]">&gt;&gt;</a>&nbsp;&nbsp;&nbsp;BTE_Destination_Color_24bpp
<LI><a href="#[8c]">&gt;&gt;</a>&nbsp;&nbsp;&nbsp;BTE_Destination_Color_16bpp
<LI><a href="#[9b]">&gt;&gt;</a>&nbsp;&nbsp;&nbsp;BTE_Alpha_Blending_Effect
<LI><a href="#[9d]">&gt;&gt;</a>&nbsp;&nbsp;&nbsp;Check_BTE_Busy
<LI><a href="#[99]">&gt;&gt;</a>&nbsp;&nbsp;&nbsp;BTE_Window_Size
<LI><a href="#[95]">&gt;&gt;</a>&nbsp;&nbsp;&nbsp;BTE_S1_Window_Start_XY
<LI><a href="#[93]">&gt;&gt;</a>&nbsp;&nbsp;&nbsp;BTE_S1_Memory_Start_Address
<LI><a href="#[94]">&gt;&gt;</a>&nbsp;&nbsp;&nbsp;BTE_S1_Image_Width
<LI><a href="#[8e]">&gt;&gt;</a>&nbsp;&nbsp;&nbsp;BTE_S1_Color_24bpp
<LI><a href="#[8b]">&gt;&gt;</a>&nbsp;&nbsp;&nbsp;BTE_S1_Color_16bpp
<LI><a href="#[92]">&gt;&gt;</a>&nbsp;&nbsp;&nbsp;BTE_S0_Window_Start_XY
<LI><a href="#[90]">&gt;&gt;</a>&nbsp;&nbsp;&nbsp;BTE_S0_Memory_Start_Address
</UL>
<BR>[Called By]<UL><LI><a href="#[227]">&gt;&gt;</a>&nbsp;&nbsp;&nbsp;pop_up_touch
<LI><a href="#[88]">&gt;&gt;</a>&nbsp;&nbsp;&nbsp;Display_pop_up
</UL>

<P><STRONG><a name="[9b]"></a>BTE_Alpha_Blending_Effect</STRONG> (Thumb, 20 bytes, Stack size 8 bytes, lt768.o(i.BTE_Alpha_Blending_Effect))
<BR><BR>[Stack]<UL><LI>Max Depth = 56<LI>Call Chain = BTE_Alpha_Blending_Effect &rArr; LCD_CmdWrite &rArr; EPORT_WriteGpioData &rArr; assert_failed &rArr; __2printf
</UL>
<BR>[Calls]<UL><LI><a href="#[9e]">&gt;&gt;</a>&nbsp;&nbsp;&nbsp;LCD_CmdWrite
<LI><a href="#[9f]">&gt;&gt;</a>&nbsp;&nbsp;&nbsp;LCD_DataWrite
</UL>
<BR>[Called By]<UL><LI><a href="#[89]">&gt;&gt;</a>&nbsp;&nbsp;&nbsp;BTE_Alpha_Blending
</UL>

<P><STRONG><a name="[8c]"></a>BTE_Destination_Color_16bpp</STRONG> (Thumb, 28 bytes, Stack size 8 bytes, lt768.o(i.BTE_Destination_Color_16bpp))
<BR><BR>[Stack]<UL><LI>Max Depth = 56<LI>Call Chain = BTE_Destination_Color_16bpp &rArr; LCD_DataRead &rArr; EPORT_WriteGpioData &rArr; assert_failed &rArr; __2printf
</UL>
<BR>[Calls]<UL><LI><a href="#[a0]">&gt;&gt;</a>&nbsp;&nbsp;&nbsp;LCD_DataRead
<LI><a href="#[9e]">&gt;&gt;</a>&nbsp;&nbsp;&nbsp;LCD_CmdWrite
<LI><a href="#[9f]">&gt;&gt;</a>&nbsp;&nbsp;&nbsp;LCD_DataWrite
</UL>
<BR>[Called By]<UL><LI><a href="#[7d]">&gt;&gt;</a>&nbsp;&nbsp;&nbsp;LT768_BTE_Memory_Copy
<LI><a href="#[82]">&gt;&gt;</a>&nbsp;&nbsp;&nbsp;LT768_BTE_Memory_Copy_Chroma_key
<LI><a href="#[169]">&gt;&gt;</a>&nbsp;&nbsp;&nbsp;LT768_BTE_Memory_Copy_1
<LI><a href="#[83]">&gt;&gt;</a>&nbsp;&nbsp;&nbsp;BTE_Pixel_16bpp_Alpha_Blending
<LI><a href="#[89]">&gt;&gt;</a>&nbsp;&nbsp;&nbsp;BTE_Alpha_Blending
</UL>

<P><STRONG><a name="[8f]"></a>BTE_Destination_Color_24bpp</STRONG> (Thumb, 26 bytes, Stack size 8 bytes, lt768.o(i.BTE_Destination_Color_24bpp))
<BR><BR>[Stack]<UL><LI>Max Depth = 56<LI>Call Chain = BTE_Destination_Color_24bpp &rArr; LCD_DataRead &rArr; EPORT_WriteGpioData &rArr; assert_failed &rArr; __2printf
</UL>
<BR>[Calls]<UL><LI><a href="#[a0]">&gt;&gt;</a>&nbsp;&nbsp;&nbsp;LCD_DataRead
<LI><a href="#[9e]">&gt;&gt;</a>&nbsp;&nbsp;&nbsp;LCD_CmdWrite
<LI><a href="#[9f]">&gt;&gt;</a>&nbsp;&nbsp;&nbsp;LCD_DataWrite
</UL>
<BR>[Called By]<UL><LI><a href="#[7d]">&gt;&gt;</a>&nbsp;&nbsp;&nbsp;LT768_BTE_Memory_Copy
<LI><a href="#[82]">&gt;&gt;</a>&nbsp;&nbsp;&nbsp;LT768_BTE_Memory_Copy_Chroma_key
<LI><a href="#[169]">&gt;&gt;</a>&nbsp;&nbsp;&nbsp;LT768_BTE_Memory_Copy_1
<LI><a href="#[83]">&gt;&gt;</a>&nbsp;&nbsp;&nbsp;BTE_Pixel_16bpp_Alpha_Blending
<LI><a href="#[89]">&gt;&gt;</a>&nbsp;&nbsp;&nbsp;BTE_Alpha_Blending
</UL>

<P><STRONG><a name="[97]"></a>BTE_Destination_Image_Width</STRONG> (Thumb, 24 bytes, Stack size 8 bytes, lt768.o(i.BTE_Destination_Image_Width))
<BR><BR>[Stack]<UL><LI>Max Depth = 64<LI>Call Chain = BTE_Destination_Image_Width &rArr; LCD_RegisterWrite &rArr; LCD_CmdWrite &rArr; EPORT_WriteGpioData &rArr; assert_failed &rArr; __2printf
</UL>
<BR>[Calls]<UL><LI><a href="#[71]">&gt;&gt;</a>&nbsp;&nbsp;&nbsp;LCD_RegisterWrite
</UL>
<BR>[Called By]<UL><LI><a href="#[7d]">&gt;&gt;</a>&nbsp;&nbsp;&nbsp;LT768_BTE_Memory_Copy
<LI><a href="#[82]">&gt;&gt;</a>&nbsp;&nbsp;&nbsp;LT768_BTE_Memory_Copy_Chroma_key
<LI><a href="#[169]">&gt;&gt;</a>&nbsp;&nbsp;&nbsp;LT768_BTE_Memory_Copy_1
<LI><a href="#[83]">&gt;&gt;</a>&nbsp;&nbsp;&nbsp;BTE_Pixel_16bpp_Alpha_Blending
<LI><a href="#[89]">&gt;&gt;</a>&nbsp;&nbsp;&nbsp;BTE_Alpha_Blending
</UL>

<P><STRONG><a name="[96]"></a>BTE_Destination_Memory_Start_Address</STRONG> (Thumb, 44 bytes, Stack size 8 bytes, lt768.o(i.BTE_Destination_Memory_Start_Address))
<BR><BR>[Stack]<UL><LI>Max Depth = 64<LI>Call Chain = BTE_Destination_Memory_Start_Address &rArr; LCD_RegisterWrite &rArr; LCD_CmdWrite &rArr; EPORT_WriteGpioData &rArr; assert_failed &rArr; __2printf
</UL>
<BR>[Calls]<UL><LI><a href="#[71]">&gt;&gt;</a>&nbsp;&nbsp;&nbsp;LCD_RegisterWrite
</UL>
<BR>[Called By]<UL><LI><a href="#[7d]">&gt;&gt;</a>&nbsp;&nbsp;&nbsp;LT768_BTE_Memory_Copy
<LI><a href="#[82]">&gt;&gt;</a>&nbsp;&nbsp;&nbsp;LT768_BTE_Memory_Copy_Chroma_key
<LI><a href="#[169]">&gt;&gt;</a>&nbsp;&nbsp;&nbsp;LT768_BTE_Memory_Copy_1
<LI><a href="#[83]">&gt;&gt;</a>&nbsp;&nbsp;&nbsp;BTE_Pixel_16bpp_Alpha_Blending
<LI><a href="#[89]">&gt;&gt;</a>&nbsp;&nbsp;&nbsp;BTE_Alpha_Blending
</UL>

<P><STRONG><a name="[98]"></a>BTE_Destination_Window_Start_XY</STRONG> (Thumb, 42 bytes, Stack size 16 bytes, lt768.o(i.BTE_Destination_Window_Start_XY))
<BR><BR>[Stack]<UL><LI>Max Depth = 72<LI>Call Chain = BTE_Destination_Window_Start_XY &rArr; LCD_RegisterWrite &rArr; LCD_CmdWrite &rArr; EPORT_WriteGpioData &rArr; assert_failed &rArr; __2printf
</UL>
<BR>[Calls]<UL><LI><a href="#[71]">&gt;&gt;</a>&nbsp;&nbsp;&nbsp;LCD_RegisterWrite
</UL>
<BR>[Called By]<UL><LI><a href="#[7d]">&gt;&gt;</a>&nbsp;&nbsp;&nbsp;LT768_BTE_Memory_Copy
<LI><a href="#[82]">&gt;&gt;</a>&nbsp;&nbsp;&nbsp;LT768_BTE_Memory_Copy_Chroma_key
<LI><a href="#[169]">&gt;&gt;</a>&nbsp;&nbsp;&nbsp;LT768_BTE_Memory_Copy_1
<LI><a href="#[83]">&gt;&gt;</a>&nbsp;&nbsp;&nbsp;BTE_Pixel_16bpp_Alpha_Blending
<LI><a href="#[89]">&gt;&gt;</a>&nbsp;&nbsp;&nbsp;BTE_Alpha_Blending
</UL>

<P><STRONG><a name="[9c]"></a>BTE_Enable</STRONG> (Thumb, 26 bytes, Stack size 8 bytes, lt768.o(i.BTE_Enable))
<BR><BR>[Stack]<UL><LI>Max Depth = 56<LI>Call Chain = BTE_Enable &rArr; LCD_DataRead &rArr; EPORT_WriteGpioData &rArr; assert_failed &rArr; __2printf
</UL>
<BR>[Calls]<UL><LI><a href="#[a0]">&gt;&gt;</a>&nbsp;&nbsp;&nbsp;LCD_DataRead
<LI><a href="#[9e]">&gt;&gt;</a>&nbsp;&nbsp;&nbsp;LCD_CmdWrite
<LI><a href="#[9f]">&gt;&gt;</a>&nbsp;&nbsp;&nbsp;LCD_DataWrite
</UL>
<BR>[Called By]<UL><LI><a href="#[7d]">&gt;&gt;</a>&nbsp;&nbsp;&nbsp;LT768_BTE_Memory_Copy
<LI><a href="#[82]">&gt;&gt;</a>&nbsp;&nbsp;&nbsp;LT768_BTE_Memory_Copy_Chroma_key
<LI><a href="#[169]">&gt;&gt;</a>&nbsp;&nbsp;&nbsp;LT768_BTE_Memory_Copy_1
<LI><a href="#[83]">&gt;&gt;</a>&nbsp;&nbsp;&nbsp;BTE_Pixel_16bpp_Alpha_Blending
<LI><a href="#[89]">&gt;&gt;</a>&nbsp;&nbsp;&nbsp;BTE_Alpha_Blending
</UL>

<P><STRONG><a name="[9a]"></a>BTE_Operation_Code</STRONG> (Thumb, 28 bytes, Stack size 8 bytes, lt768.o(i.BTE_Operation_Code))
<BR><BR>[Stack]<UL><LI>Max Depth = 56<LI>Call Chain = BTE_Operation_Code &rArr; LCD_DataRead &rArr; EPORT_WriteGpioData &rArr; assert_failed &rArr; __2printf
</UL>
<BR>[Calls]<UL><LI><a href="#[a0]">&gt;&gt;</a>&nbsp;&nbsp;&nbsp;LCD_DataRead
<LI><a href="#[9e]">&gt;&gt;</a>&nbsp;&nbsp;&nbsp;LCD_CmdWrite
<LI><a href="#[9f]">&gt;&gt;</a>&nbsp;&nbsp;&nbsp;LCD_DataWrite
</UL>
<BR>[Called By]<UL><LI><a href="#[7d]">&gt;&gt;</a>&nbsp;&nbsp;&nbsp;LT768_BTE_Memory_Copy
<LI><a href="#[82]">&gt;&gt;</a>&nbsp;&nbsp;&nbsp;LT768_BTE_Memory_Copy_Chroma_key
<LI><a href="#[169]">&gt;&gt;</a>&nbsp;&nbsp;&nbsp;LT768_BTE_Memory_Copy_1
<LI><a href="#[83]">&gt;&gt;</a>&nbsp;&nbsp;&nbsp;BTE_Pixel_16bpp_Alpha_Blending
<LI><a href="#[89]">&gt;&gt;</a>&nbsp;&nbsp;&nbsp;BTE_Alpha_Blending
</UL>

<P><STRONG><a name="[83]"></a>BTE_Pixel_16bpp_Alpha_Blending</STRONG> (Thumb, 146 bytes, Stack size 40 bytes, lt768_lib.o(i.BTE_Pixel_16bpp_Alpha_Blending))
<BR><BR>[Stack]<UL><LI>Max Depth = 112<LI>Call Chain = BTE_Pixel_16bpp_Alpha_Blending &rArr; BTE_Destination_Window_Start_XY &rArr; LCD_RegisterWrite &rArr; LCD_CmdWrite &rArr; EPORT_WriteGpioData &rArr; assert_failed &rArr; __2printf
</UL>
<BR>[Calls]<UL><LI><a href="#[91]">&gt;&gt;</a>&nbsp;&nbsp;&nbsp;BTE_S0_Image_Width
<LI><a href="#[8d]">&gt;&gt;</a>&nbsp;&nbsp;&nbsp;BTE_S0_Color_24bpp
<LI><a href="#[8a]">&gt;&gt;</a>&nbsp;&nbsp;&nbsp;BTE_S0_Color_16bpp
<LI><a href="#[9a]">&gt;&gt;</a>&nbsp;&nbsp;&nbsp;BTE_Operation_Code
<LI><a href="#[9c]">&gt;&gt;</a>&nbsp;&nbsp;&nbsp;BTE_Enable
<LI><a href="#[98]">&gt;&gt;</a>&nbsp;&nbsp;&nbsp;BTE_Destination_Window_Start_XY
<LI><a href="#[96]">&gt;&gt;</a>&nbsp;&nbsp;&nbsp;BTE_Destination_Memory_Start_Address
<LI><a href="#[97]">&gt;&gt;</a>&nbsp;&nbsp;&nbsp;BTE_Destination_Image_Width
<LI><a href="#[8f]">&gt;&gt;</a>&nbsp;&nbsp;&nbsp;BTE_Destination_Color_24bpp
<LI><a href="#[8c]">&gt;&gt;</a>&nbsp;&nbsp;&nbsp;BTE_Destination_Color_16bpp
<LI><a href="#[9d]">&gt;&gt;</a>&nbsp;&nbsp;&nbsp;Check_BTE_Busy
<LI><a href="#[99]">&gt;&gt;</a>&nbsp;&nbsp;&nbsp;BTE_Window_Size
<LI><a href="#[95]">&gt;&gt;</a>&nbsp;&nbsp;&nbsp;BTE_S1_Window_Start_XY
<LI><a href="#[93]">&gt;&gt;</a>&nbsp;&nbsp;&nbsp;BTE_S1_Memory_Start_Address
<LI><a href="#[94]">&gt;&gt;</a>&nbsp;&nbsp;&nbsp;BTE_S1_Image_Width
<LI><a href="#[a1]">&gt;&gt;</a>&nbsp;&nbsp;&nbsp;BTE_S1_Color_16bit_Alpha
<LI><a href="#[92]">&gt;&gt;</a>&nbsp;&nbsp;&nbsp;BTE_S0_Window_Start_XY
<LI><a href="#[90]">&gt;&gt;</a>&nbsp;&nbsp;&nbsp;BTE_S0_Memory_Start_Address
</UL>
<BR>[Called By]<UL><LI><a href="#[218]">&gt;&gt;</a>&nbsp;&nbsp;&nbsp;data_input
<LI><a href="#[153]">&gt;&gt;</a>&nbsp;&nbsp;&nbsp;Get_date_variable_Id_Regular_update
<LI><a href="#[13b]">&gt;&gt;</a>&nbsp;&nbsp;&nbsp;GBK_input
<LI><a href="#[87]">&gt;&gt;</a>&nbsp;&nbsp;&nbsp;Display_page
<LI><a href="#[7c]">&gt;&gt;</a>&nbsp;&nbsp;&nbsp;Ascii_input
<LI><a href="#[85]">&gt;&gt;</a>&nbsp;&nbsp;&nbsp;Get_Touch_info
<LI><a href="#[228]">&gt;&gt;</a>&nbsp;&nbsp;&nbsp;text_scroll_Once
<LI><a href="#[14e]">&gt;&gt;</a>&nbsp;&nbsp;&nbsp;progress_bar
<LI><a href="#[148]">&gt;&gt;</a>&nbsp;&nbsp;&nbsp;pic_date_display
<LI><a href="#[149]">&gt;&gt;</a>&nbsp;&nbsp;&nbsp;gif_display
<LI><a href="#[140]">&gt;&gt;</a>&nbsp;&nbsp;&nbsp;dp_menu
<LI><a href="#[13f]">&gt;&gt;</a>&nbsp;&nbsp;&nbsp;download_page
<LI><a href="#[c5]">&gt;&gt;</a>&nbsp;&nbsp;&nbsp;Run_Pointer
<LI><a href="#[141]">&gt;&gt;</a>&nbsp;&nbsp;&nbsp;RingSld_Display
<LI><a href="#[152]">&gt;&gt;</a>&nbsp;&nbsp;&nbsp;Pointer_display
<LI><a href="#[1be]">&gt;&gt;</a>&nbsp;&nbsp;&nbsp;LT_ShowGifPicture
<LI><a href="#[1b3]">&gt;&gt;</a>&nbsp;&nbsp;&nbsp;LT_Print_zk_Scroll
<LI><a href="#[86]">&gt;&gt;</a>&nbsp;&nbsp;&nbsp;LT_Print_zk_Font
<LI><a href="#[84]">&gt;&gt;</a>&nbsp;&nbsp;&nbsp;LT_Print_zk_ASCII
<LI><a href="#[88]">&gt;&gt;</a>&nbsp;&nbsp;&nbsp;Display_pop_up
<LI><a href="#[ea]">&gt;&gt;</a>&nbsp;&nbsp;&nbsp;Display_RTC
<LI><a href="#[77]">&gt;&gt;</a>&nbsp;&nbsp;&nbsp;Display_Icon
<LI><a href="#[e6]">&gt;&gt;</a>&nbsp;&nbsp;&nbsp;Display_Count
<LI><a href="#[d7]">&gt;&gt;</a>&nbsp;&nbsp;&nbsp;Display_Clock
<LI><a href="#[e4]">&gt;&gt;</a>&nbsp;&nbsp;&nbsp;Disp_slide
<LI><a href="#[cf]">&gt;&gt;</a>&nbsp;&nbsp;&nbsp;Circular_progress_bar
</UL>

<P><STRONG><a name="[a2]"></a>BTE_ROP_Code</STRONG> (Thumb, 32 bytes, Stack size 8 bytes, lt768.o(i.BTE_ROP_Code))
<BR><BR>[Stack]<UL><LI>Max Depth = 56<LI>Call Chain = BTE_ROP_Code &rArr; LCD_DataRead &rArr; EPORT_WriteGpioData &rArr; assert_failed &rArr; __2printf
</UL>
<BR>[Calls]<UL><LI><a href="#[a0]">&gt;&gt;</a>&nbsp;&nbsp;&nbsp;LCD_DataRead
<LI><a href="#[9e]">&gt;&gt;</a>&nbsp;&nbsp;&nbsp;LCD_CmdWrite
<LI><a href="#[9f]">&gt;&gt;</a>&nbsp;&nbsp;&nbsp;LCD_DataWrite
</UL>
<BR>[Called By]<UL><LI><a href="#[7d]">&gt;&gt;</a>&nbsp;&nbsp;&nbsp;LT768_BTE_Memory_Copy
<LI><a href="#[169]">&gt;&gt;</a>&nbsp;&nbsp;&nbsp;LT768_BTE_Memory_Copy_1
</UL>

<P><STRONG><a name="[8a]"></a>BTE_S0_Color_16bpp</STRONG> (Thumb, 28 bytes, Stack size 8 bytes, lt768.o(i.BTE_S0_Color_16bpp))
<BR><BR>[Stack]<UL><LI>Max Depth = 56<LI>Call Chain = BTE_S0_Color_16bpp &rArr; LCD_DataRead &rArr; EPORT_WriteGpioData &rArr; assert_failed &rArr; __2printf
</UL>
<BR>[Calls]<UL><LI><a href="#[a0]">&gt;&gt;</a>&nbsp;&nbsp;&nbsp;LCD_DataRead
<LI><a href="#[9e]">&gt;&gt;</a>&nbsp;&nbsp;&nbsp;LCD_CmdWrite
<LI><a href="#[9f]">&gt;&gt;</a>&nbsp;&nbsp;&nbsp;LCD_DataWrite
</UL>
<BR>[Called By]<UL><LI><a href="#[7d]">&gt;&gt;</a>&nbsp;&nbsp;&nbsp;LT768_BTE_Memory_Copy
<LI><a href="#[82]">&gt;&gt;</a>&nbsp;&nbsp;&nbsp;LT768_BTE_Memory_Copy_Chroma_key
<LI><a href="#[169]">&gt;&gt;</a>&nbsp;&nbsp;&nbsp;LT768_BTE_Memory_Copy_1
<LI><a href="#[83]">&gt;&gt;</a>&nbsp;&nbsp;&nbsp;BTE_Pixel_16bpp_Alpha_Blending
<LI><a href="#[89]">&gt;&gt;</a>&nbsp;&nbsp;&nbsp;BTE_Alpha_Blending
</UL>

<P><STRONG><a name="[8d]"></a>BTE_S0_Color_24bpp</STRONG> (Thumb, 26 bytes, Stack size 8 bytes, lt768.o(i.BTE_S0_Color_24bpp))
<BR><BR>[Stack]<UL><LI>Max Depth = 56<LI>Call Chain = BTE_S0_Color_24bpp &rArr; LCD_DataRead &rArr; EPORT_WriteGpioData &rArr; assert_failed &rArr; __2printf
</UL>
<BR>[Calls]<UL><LI><a href="#[a0]">&gt;&gt;</a>&nbsp;&nbsp;&nbsp;LCD_DataRead
<LI><a href="#[9e]">&gt;&gt;</a>&nbsp;&nbsp;&nbsp;LCD_CmdWrite
<LI><a href="#[9f]">&gt;&gt;</a>&nbsp;&nbsp;&nbsp;LCD_DataWrite
</UL>
<BR>[Called By]<UL><LI><a href="#[7d]">&gt;&gt;</a>&nbsp;&nbsp;&nbsp;LT768_BTE_Memory_Copy
<LI><a href="#[82]">&gt;&gt;</a>&nbsp;&nbsp;&nbsp;LT768_BTE_Memory_Copy_Chroma_key
<LI><a href="#[169]">&gt;&gt;</a>&nbsp;&nbsp;&nbsp;LT768_BTE_Memory_Copy_1
<LI><a href="#[83]">&gt;&gt;</a>&nbsp;&nbsp;&nbsp;BTE_Pixel_16bpp_Alpha_Blending
<LI><a href="#[89]">&gt;&gt;</a>&nbsp;&nbsp;&nbsp;BTE_Alpha_Blending
</UL>

<P><STRONG><a name="[91]"></a>BTE_S0_Image_Width</STRONG> (Thumb, 24 bytes, Stack size 8 bytes, lt768.o(i.BTE_S0_Image_Width))
<BR><BR>[Stack]<UL><LI>Max Depth = 64<LI>Call Chain = BTE_S0_Image_Width &rArr; LCD_RegisterWrite &rArr; LCD_CmdWrite &rArr; EPORT_WriteGpioData &rArr; assert_failed &rArr; __2printf
</UL>
<BR>[Calls]<UL><LI><a href="#[71]">&gt;&gt;</a>&nbsp;&nbsp;&nbsp;LCD_RegisterWrite
</UL>
<BR>[Called By]<UL><LI><a href="#[7d]">&gt;&gt;</a>&nbsp;&nbsp;&nbsp;LT768_BTE_Memory_Copy
<LI><a href="#[82]">&gt;&gt;</a>&nbsp;&nbsp;&nbsp;LT768_BTE_Memory_Copy_Chroma_key
<LI><a href="#[169]">&gt;&gt;</a>&nbsp;&nbsp;&nbsp;LT768_BTE_Memory_Copy_1
<LI><a href="#[83]">&gt;&gt;</a>&nbsp;&nbsp;&nbsp;BTE_Pixel_16bpp_Alpha_Blending
<LI><a href="#[89]">&gt;&gt;</a>&nbsp;&nbsp;&nbsp;BTE_Alpha_Blending
</UL>

<P><STRONG><a name="[90]"></a>BTE_S0_Memory_Start_Address</STRONG> (Thumb, 44 bytes, Stack size 8 bytes, lt768.o(i.BTE_S0_Memory_Start_Address))
<BR><BR>[Stack]<UL><LI>Max Depth = 64<LI>Call Chain = BTE_S0_Memory_Start_Address &rArr; LCD_RegisterWrite &rArr; LCD_CmdWrite &rArr; EPORT_WriteGpioData &rArr; assert_failed &rArr; __2printf
</UL>
<BR>[Calls]<UL><LI><a href="#[71]">&gt;&gt;</a>&nbsp;&nbsp;&nbsp;LCD_RegisterWrite
</UL>
<BR>[Called By]<UL><LI><a href="#[7d]">&gt;&gt;</a>&nbsp;&nbsp;&nbsp;LT768_BTE_Memory_Copy
<LI><a href="#[82]">&gt;&gt;</a>&nbsp;&nbsp;&nbsp;LT768_BTE_Memory_Copy_Chroma_key
<LI><a href="#[169]">&gt;&gt;</a>&nbsp;&nbsp;&nbsp;LT768_BTE_Memory_Copy_1
<LI><a href="#[83]">&gt;&gt;</a>&nbsp;&nbsp;&nbsp;BTE_Pixel_16bpp_Alpha_Blending
<LI><a href="#[89]">&gt;&gt;</a>&nbsp;&nbsp;&nbsp;BTE_Alpha_Blending
</UL>

<P><STRONG><a name="[92]"></a>BTE_S0_Window_Start_XY</STRONG> (Thumb, 42 bytes, Stack size 16 bytes, lt768.o(i.BTE_S0_Window_Start_XY))
<BR><BR>[Stack]<UL><LI>Max Depth = 72<LI>Call Chain = BTE_S0_Window_Start_XY &rArr; LCD_RegisterWrite &rArr; LCD_CmdWrite &rArr; EPORT_WriteGpioData &rArr; assert_failed &rArr; __2printf
</UL>
<BR>[Calls]<UL><LI><a href="#[71]">&gt;&gt;</a>&nbsp;&nbsp;&nbsp;LCD_RegisterWrite
</UL>
<BR>[Called By]<UL><LI><a href="#[7d]">&gt;&gt;</a>&nbsp;&nbsp;&nbsp;LT768_BTE_Memory_Copy
<LI><a href="#[82]">&gt;&gt;</a>&nbsp;&nbsp;&nbsp;LT768_BTE_Memory_Copy_Chroma_key
<LI><a href="#[169]">&gt;&gt;</a>&nbsp;&nbsp;&nbsp;LT768_BTE_Memory_Copy_1
<LI><a href="#[83]">&gt;&gt;</a>&nbsp;&nbsp;&nbsp;BTE_Pixel_16bpp_Alpha_Blending
<LI><a href="#[89]">&gt;&gt;</a>&nbsp;&nbsp;&nbsp;BTE_Alpha_Blending
</UL>

<P><STRONG><a name="[a1]"></a>BTE_S1_Color_16bit_Alpha</STRONG> (Thumb, 32 bytes, Stack size 8 bytes, lt768.o(i.BTE_S1_Color_16bit_Alpha))
<BR><BR>[Stack]<UL><LI>Max Depth = 56<LI>Call Chain = BTE_S1_Color_16bit_Alpha &rArr; LCD_DataRead &rArr; EPORT_WriteGpioData &rArr; assert_failed &rArr; __2printf
</UL>
<BR>[Calls]<UL><LI><a href="#[a0]">&gt;&gt;</a>&nbsp;&nbsp;&nbsp;LCD_DataRead
<LI><a href="#[9e]">&gt;&gt;</a>&nbsp;&nbsp;&nbsp;LCD_CmdWrite
<LI><a href="#[9f]">&gt;&gt;</a>&nbsp;&nbsp;&nbsp;LCD_DataWrite
</UL>
<BR>[Called By]<UL><LI><a href="#[83]">&gt;&gt;</a>&nbsp;&nbsp;&nbsp;BTE_Pixel_16bpp_Alpha_Blending
</UL>

<P><STRONG><a name="[8b]"></a>BTE_S1_Color_16bpp</STRONG> (Thumb, 32 bytes, Stack size 8 bytes, lt768.o(i.BTE_S1_Color_16bpp))
<BR><BR>[Stack]<UL><LI>Max Depth = 56<LI>Call Chain = BTE_S1_Color_16bpp &rArr; LCD_DataRead &rArr; EPORT_WriteGpioData &rArr; assert_failed &rArr; __2printf
</UL>
<BR>[Calls]<UL><LI><a href="#[a0]">&gt;&gt;</a>&nbsp;&nbsp;&nbsp;LCD_DataRead
<LI><a href="#[9e]">&gt;&gt;</a>&nbsp;&nbsp;&nbsp;LCD_CmdWrite
<LI><a href="#[9f]">&gt;&gt;</a>&nbsp;&nbsp;&nbsp;LCD_DataWrite
</UL>
<BR>[Called By]<UL><LI><a href="#[7d]">&gt;&gt;</a>&nbsp;&nbsp;&nbsp;LT768_BTE_Memory_Copy
<LI><a href="#[169]">&gt;&gt;</a>&nbsp;&nbsp;&nbsp;LT768_BTE_Memory_Copy_1
<LI><a href="#[89]">&gt;&gt;</a>&nbsp;&nbsp;&nbsp;BTE_Alpha_Blending
</UL>

<P><STRONG><a name="[8e]"></a>BTE_S1_Color_24bpp</STRONG> (Thumb, 32 bytes, Stack size 8 bytes, lt768.o(i.BTE_S1_Color_24bpp))
<BR><BR>[Stack]<UL><LI>Max Depth = 56<LI>Call Chain = BTE_S1_Color_24bpp &rArr; LCD_DataRead &rArr; EPORT_WriteGpioData &rArr; assert_failed &rArr; __2printf
</UL>
<BR>[Calls]<UL><LI><a href="#[a0]">&gt;&gt;</a>&nbsp;&nbsp;&nbsp;LCD_DataRead
<LI><a href="#[9e]">&gt;&gt;</a>&nbsp;&nbsp;&nbsp;LCD_CmdWrite
<LI><a href="#[9f]">&gt;&gt;</a>&nbsp;&nbsp;&nbsp;LCD_DataWrite
</UL>
<BR>[Called By]<UL><LI><a href="#[7d]">&gt;&gt;</a>&nbsp;&nbsp;&nbsp;LT768_BTE_Memory_Copy
<LI><a href="#[169]">&gt;&gt;</a>&nbsp;&nbsp;&nbsp;LT768_BTE_Memory_Copy_1
<LI><a href="#[89]">&gt;&gt;</a>&nbsp;&nbsp;&nbsp;BTE_Alpha_Blending
</UL>

<P><STRONG><a name="[94]"></a>BTE_S1_Image_Width</STRONG> (Thumb, 24 bytes, Stack size 8 bytes, lt768.o(i.BTE_S1_Image_Width))
<BR><BR>[Stack]<UL><LI>Max Depth = 64<LI>Call Chain = BTE_S1_Image_Width &rArr; LCD_RegisterWrite &rArr; LCD_CmdWrite &rArr; EPORT_WriteGpioData &rArr; assert_failed &rArr; __2printf
</UL>
<BR>[Calls]<UL><LI><a href="#[71]">&gt;&gt;</a>&nbsp;&nbsp;&nbsp;LCD_RegisterWrite
</UL>
<BR>[Called By]<UL><LI><a href="#[7d]">&gt;&gt;</a>&nbsp;&nbsp;&nbsp;LT768_BTE_Memory_Copy
<LI><a href="#[169]">&gt;&gt;</a>&nbsp;&nbsp;&nbsp;LT768_BTE_Memory_Copy_1
<LI><a href="#[83]">&gt;&gt;</a>&nbsp;&nbsp;&nbsp;BTE_Pixel_16bpp_Alpha_Blending
<LI><a href="#[89]">&gt;&gt;</a>&nbsp;&nbsp;&nbsp;BTE_Alpha_Blending
</UL>

<P><STRONG><a name="[93]"></a>BTE_S1_Memory_Start_Address</STRONG> (Thumb, 44 bytes, Stack size 8 bytes, lt768.o(i.BTE_S1_Memory_Start_Address))
<BR><BR>[Stack]<UL><LI>Max Depth = 64<LI>Call Chain = BTE_S1_Memory_Start_Address &rArr; LCD_RegisterWrite &rArr; LCD_CmdWrite &rArr; EPORT_WriteGpioData &rArr; assert_failed &rArr; __2printf
</UL>
<BR>[Calls]<UL><LI><a href="#[71]">&gt;&gt;</a>&nbsp;&nbsp;&nbsp;LCD_RegisterWrite
</UL>
<BR>[Called By]<UL><LI><a href="#[7d]">&gt;&gt;</a>&nbsp;&nbsp;&nbsp;LT768_BTE_Memory_Copy
<LI><a href="#[169]">&gt;&gt;</a>&nbsp;&nbsp;&nbsp;LT768_BTE_Memory_Copy_1
<LI><a href="#[83]">&gt;&gt;</a>&nbsp;&nbsp;&nbsp;BTE_Pixel_16bpp_Alpha_Blending
<LI><a href="#[89]">&gt;&gt;</a>&nbsp;&nbsp;&nbsp;BTE_Alpha_Blending
</UL>

<P><STRONG><a name="[95]"></a>BTE_S1_Window_Start_XY</STRONG> (Thumb, 42 bytes, Stack size 16 bytes, lt768.o(i.BTE_S1_Window_Start_XY))
<BR><BR>[Stack]<UL><LI>Max Depth = 72<LI>Call Chain = BTE_S1_Window_Start_XY &rArr; LCD_RegisterWrite &rArr; LCD_CmdWrite &rArr; EPORT_WriteGpioData &rArr; assert_failed &rArr; __2printf
</UL>
<BR>[Calls]<UL><LI><a href="#[71]">&gt;&gt;</a>&nbsp;&nbsp;&nbsp;LCD_RegisterWrite
</UL>
<BR>[Called By]<UL><LI><a href="#[7d]">&gt;&gt;</a>&nbsp;&nbsp;&nbsp;LT768_BTE_Memory_Copy
<LI><a href="#[169]">&gt;&gt;</a>&nbsp;&nbsp;&nbsp;LT768_BTE_Memory_Copy_1
<LI><a href="#[83]">&gt;&gt;</a>&nbsp;&nbsp;&nbsp;BTE_Pixel_16bpp_Alpha_Blending
<LI><a href="#[89]">&gt;&gt;</a>&nbsp;&nbsp;&nbsp;BTE_Alpha_Blending
</UL>

<P><STRONG><a name="[99]"></a>BTE_Window_Size</STRONG> (Thumb, 42 bytes, Stack size 16 bytes, lt768.o(i.BTE_Window_Size))
<BR><BR>[Stack]<UL><LI>Max Depth = 72<LI>Call Chain = BTE_Window_Size &rArr; LCD_RegisterWrite &rArr; LCD_CmdWrite &rArr; EPORT_WriteGpioData &rArr; assert_failed &rArr; __2printf
</UL>
<BR>[Calls]<UL><LI><a href="#[71]">&gt;&gt;</a>&nbsp;&nbsp;&nbsp;LCD_RegisterWrite
</UL>
<BR>[Called By]<UL><LI><a href="#[7d]">&gt;&gt;</a>&nbsp;&nbsp;&nbsp;LT768_BTE_Memory_Copy
<LI><a href="#[82]">&gt;&gt;</a>&nbsp;&nbsp;&nbsp;LT768_BTE_Memory_Copy_Chroma_key
<LI><a href="#[169]">&gt;&gt;</a>&nbsp;&nbsp;&nbsp;LT768_BTE_Memory_Copy_1
<LI><a href="#[83]">&gt;&gt;</a>&nbsp;&nbsp;&nbsp;BTE_Pixel_16bpp_Alpha_Blending
<LI><a href="#[89]">&gt;&gt;</a>&nbsp;&nbsp;&nbsp;BTE_Alpha_Blending
</UL>

<P><STRONG><a name="[a3]"></a>BackLight_control</STRONG> (Thumb, 94 bytes, Stack size 24 bytes, bsp.o(i.BackLight_control))
<BR><BR>[Stack]<UL><LI>Max Depth = 80<LI>Call Chain = BackLight_control &rArr; Stop_PWM1 &rArr; LCD_DataRead &rArr; EPORT_WriteGpioData &rArr; assert_failed &rArr; __2printf
</UL>
<BR>[Calls]<UL><LI><a href="#[a5]">&gt;&gt;</a>&nbsp;&nbsp;&nbsp;Stop_PWM1
<LI><a href="#[a4]">&gt;&gt;</a>&nbsp;&nbsp;&nbsp;Set_Timer1_Compare_Buffer
</UL>
<BR>[Called By]<UL><LI><a href="#[4b]">&gt;&gt;</a>&nbsp;&nbsp;&nbsp;main
</UL>

<P><STRONG><a name="[a6]"></a>Background_color_16M</STRONG> (Thumb, 48 bytes, Stack size 8 bytes, lt768.o(i.Background_color_16M))
<BR><BR>[Stack]<UL><LI>Max Depth = 56<LI>Call Chain = Background_color_16M &rArr; LCD_CmdWrite &rArr; EPORT_WriteGpioData &rArr; assert_failed &rArr; __2printf
</UL>
<BR>[Calls]<UL><LI><a href="#[9e]">&gt;&gt;</a>&nbsp;&nbsp;&nbsp;LCD_CmdWrite
<LI><a href="#[9f]">&gt;&gt;</a>&nbsp;&nbsp;&nbsp;LCD_DataWrite
</UL>
<BR>[Called By]<UL><LI><a href="#[cc]">&gt;&gt;</a>&nbsp;&nbsp;&nbsp;LT768_Print_Internal_Font_String
<LI><a href="#[82]">&gt;&gt;</a>&nbsp;&nbsp;&nbsp;LT768_BTE_Memory_Copy_Chroma_key
</UL>

<P><STRONG><a name="[a7]"></a>Background_color_65k</STRONG> (Thumb, 48 bytes, Stack size 8 bytes, lt768.o(i.Background_color_65k))
<BR><BR>[Stack]<UL><LI>Max Depth = 56<LI>Call Chain = Background_color_65k &rArr; LCD_CmdWrite &rArr; EPORT_WriteGpioData &rArr; assert_failed &rArr; __2printf
</UL>
<BR>[Calls]<UL><LI><a href="#[9e]">&gt;&gt;</a>&nbsp;&nbsp;&nbsp;LCD_CmdWrite
<LI><a href="#[9f]">&gt;&gt;</a>&nbsp;&nbsp;&nbsp;LCD_DataWrite
</UL>
<BR>[Called By]<UL><LI><a href="#[cc]">&gt;&gt;</a>&nbsp;&nbsp;&nbsp;LT768_Print_Internal_Font_String
<LI><a href="#[82]">&gt;&gt;</a>&nbsp;&nbsp;&nbsp;LT768_BTE_Memory_Copy_Chroma_key
</UL>

<P><STRONG><a name="[a8]"></a>Basic_touch</STRONG> (Thumb, 392 bytes, Stack size 56 bytes, bsp.o(i.Basic_touch))
<BR><BR>[Stack]<UL><LI>Max Depth = 13848<LI>Call Chain = Basic_touch &rArr; Display_page &rArr; Get_date_variable_Id &rArr; gif_display &rArr; LT_ShowGifPicture &rArr; reg_operation &rArr;  Display_page (Cycle)
</UL>
<BR>[Calls]<UL><LI><a href="#[87]">&gt;&gt;</a>&nbsp;&nbsp;&nbsp;Display_page
<LI><a href="#[7b]">&gt;&gt;</a>&nbsp;&nbsp;&nbsp;LT_SendData_CRC_Frame
<LI><a href="#[78]">&gt;&gt;</a>&nbsp;&nbsp;&nbsp;touch_buzzer
<LI><a href="#[77]">&gt;&gt;</a>&nbsp;&nbsp;&nbsp;Display_Icon
</UL>
<BR>[Called By]<UL><LI><a href="#[4b]">&gt;&gt;</a>&nbsp;&nbsp;&nbsp;main
</UL>

<P><STRONG><a name="[5]"></a>BusFault_Handler</STRONG> (Thumb, 16 bytes, Stack size 8 bytes, system_armcm4.o(i.BusFault_Handler))
<BR><BR>[Stack]<UL><LI>Max Depth = 32<LI>Call Chain = BusFault_Handler &rArr; __2printf
</UL>
<BR>[Calls]<UL><LI><a href="#[aa]">&gt;&gt;</a>&nbsp;&nbsp;&nbsp;Set_POR_Reset
<LI><a href="#[a9]">&gt;&gt;</a>&nbsp;&nbsp;&nbsp;__2printf
</UL>
<BR>[Address Reference Count : 1]<UL><LI> startup_armcm4.o(RESET)
</UL>
<P><STRONG><a name="[ab]"></a>CGROM_Select_Internal_CGROM</STRONG> (Thumb, 28 bytes, Stack size 8 bytes, lt768.o(i.CGROM_Select_Internal_CGROM))
<BR><BR>[Stack]<UL><LI>Max Depth = 56<LI>Call Chain = CGROM_Select_Internal_CGROM &rArr; LCD_DataRead &rArr; EPORT_WriteGpioData &rArr; assert_failed &rArr; __2printf
</UL>
<BR>[Calls]<UL><LI><a href="#[a0]">&gt;&gt;</a>&nbsp;&nbsp;&nbsp;LCD_DataRead
<LI><a href="#[9e]">&gt;&gt;</a>&nbsp;&nbsp;&nbsp;LCD_CmdWrite
<LI><a href="#[9f]">&gt;&gt;</a>&nbsp;&nbsp;&nbsp;LCD_DataWrite
</UL>
<BR>[Called By]<UL><LI><a href="#[cc]">&gt;&gt;</a>&nbsp;&nbsp;&nbsp;LT768_Print_Internal_Font_String
</UL>

<P><STRONG><a name="[1f7]"></a>CPM_OSC_Switch</STRONG> (Thumb, 404 bytes, Stack size 0 bytes, clk_switch_drv.o(i.CPM_OSC_Switch))
<BR><BR>[Called By]<UL><LI><a href="#[1f4]">&gt;&gt;</a>&nbsp;&nbsp;&nbsp;Sys_Clk_Init
</UL>

<P><STRONG><a name="[160]"></a>CPM_PWRCR_OptBits</STRONG> (Thumb, 164 bytes, Stack size 16 bytes, reg_opt_drv.o(i.CPM_PWRCR_OptBits))
<BR><BR>[Stack]<UL><LI>Max Depth = 16<LI>Call Chain = CPM_PWRCR_OptBits
</UL>
<BR>[Called By]<UL><LI><a href="#[4c]">&gt;&gt;</a>&nbsp;&nbsp;&nbsp;LVD_EN
<LI><a href="#[4d]">&gt;&gt;</a>&nbsp;&nbsp;&nbsp;IO_Latch_Clr
</UL>

<P><STRONG><a name="[ac]"></a>CPM_SysClkSelect</STRONG> (Thumb, 188 bytes, Stack size 16 bytes, cpm_drv.o(i.CPM_SysClkSelect))
<BR><BR>[Stack]<UL><LI>Max Depth = 16<LI>Call Chain = CPM_SysClkSelect
</UL>
<BR>[Calls]<UL><LI><a href="#[ad]">&gt;&gt;</a>&nbsp;&nbsp;&nbsp;EFLASH_Set_RWSC
<LI><a href="#[ae]">&gt;&gt;</a>&nbsp;&nbsp;&nbsp;cpm_set_sysclk_div
</UL>
<BR>[Called By]<UL><LI><a href="#[1f4]">&gt;&gt;</a>&nbsp;&nbsp;&nbsp;Sys_Clk_Init
</UL>

<P><STRONG><a name="[af]"></a>CPM_Vref_Trim</STRONG> (Thumb, 52 bytes, Stack size 4 bytes, cpm_drv.o(i.CPM_Vref_Trim))
<BR><BR>[Stack]<UL><LI>Max Depth = 4<LI>Call Chain = CPM_Vref_Trim
</UL>
<BR>[Calls]<UL><LI><a href="#[b0]">&gt;&gt;</a>&nbsp;&nbsp;&nbsp;CPM_Write_CoreTestKey
</UL>
<BR>[Called By]<UL><LI><a href="#[1f4]">&gt;&gt;</a>&nbsp;&nbsp;&nbsp;Sys_Clk_Init
</UL>

<P><STRONG><a name="[b0]"></a>CPM_Write_CoreTestKey</STRONG> (Thumb, 32 bytes, Stack size 0 bytes, cpm_drv.o(i.CPM_Write_CoreTestKey))
<BR><BR>[Called By]<UL><LI><a href="#[af]">&gt;&gt;</a>&nbsp;&nbsp;&nbsp;CPM_Vref_Trim
<LI><a href="#[aa]">&gt;&gt;</a>&nbsp;&nbsp;&nbsp;Set_POR_Reset
</UL>

<P><STRONG><a name="[1b7]"></a>CRC16</STRONG> (Thumb, 38 bytes, Stack size 16 bytes, uart.o(i.CRC16))
<BR><BR>[Stack]<UL><LI>Max Depth = 16<LI>Call Chain = CRC16
</UL>
<BR>[Called By]<UL><LI><a href="#[1b6]">&gt;&gt;</a>&nbsp;&nbsp;&nbsp;LT_ReceiveCmd
<LI><a href="#[1b9]">&gt;&gt;</a>&nbsp;&nbsp;&nbsp;LT_SendFlashData_CRC_Frame
<LI><a href="#[7b]">&gt;&gt;</a>&nbsp;&nbsp;&nbsp;LT_SendData_CRC_Frame
</UL>

<P><STRONG><a name="[b1]"></a>CTP_Init</STRONG> (Thumb, 14 bytes, Stack size 8 bytes, ctp.o(i.CTP_Init))
<BR><BR>[Stack]<UL><LI>Max Depth = 160<LI>Call Chain = CTP_Init &rArr; CTP_io_Init &rArr; EPORT_Init &rArr; EPORT_ITTypeConfig &rArr; assert_failed &rArr; __2printf
</UL>
<BR>[Calls]<UL><LI><a href="#[b2]">&gt;&gt;</a>&nbsp;&nbsp;&nbsp;CTP_io_Init
</UL>
<BR>[Called By]<UL><LI><a href="#[1db]">&gt;&gt;</a>&nbsp;&nbsp;&nbsp;PeripheralInit
</UL>

<P><STRONG><a name="[b2]"></a>CTP_io_Init</STRONG> (Thumb, 298 bytes, Stack size 32 bytes, tp_drv.o(i.CTP_io_Init))
<BR><BR>[Stack]<UL><LI>Max Depth = 152<LI>Call Chain = CTP_io_Init &rArr; EPORT_Init &rArr; EPORT_ITTypeConfig &rArr; assert_failed &rArr; __2printf
</UL>
<BR>[Calls]<UL><LI><a href="#[b6]">&gt;&gt;</a>&nbsp;&nbsp;&nbsp;EPORT_WriteGpioData
<LI><a href="#[b5]">&gt;&gt;</a>&nbsp;&nbsp;&nbsp;EPORT_ConfigGpio
<LI><a href="#[bc]">&gt;&gt;</a>&nbsp;&nbsp;&nbsp;DelayUS
<LI><a href="#[6e]">&gt;&gt;</a>&nbsp;&nbsp;&nbsp;DelayMS
<LI><a href="#[b8]">&gt;&gt;</a>&nbsp;&nbsp;&nbsp;EPORT_Init
<LI><a href="#[b3]">&gt;&gt;</a>&nbsp;&nbsp;&nbsp;I2C_ConfigGpio
<LI><a href="#[b7]">&gt;&gt;</a>&nbsp;&nbsp;&nbsp;SPI_WriteGpioData
<LI><a href="#[b4]">&gt;&gt;</a>&nbsp;&nbsp;&nbsp;SPI_ConfigGpio
<LI><a href="#[bd]">&gt;&gt;</a>&nbsp;&nbsp;&nbsp;CT_Write_Nbyte
<LI><a href="#[ba]">&gt;&gt;</a>&nbsp;&nbsp;&nbsp;I2C_write_byte
<LI><a href="#[bb]">&gt;&gt;</a>&nbsp;&nbsp;&nbsp;I2C_stop
<LI><a href="#[b9]">&gt;&gt;</a>&nbsp;&nbsp;&nbsp;I2C_start
<LI><a href="#[be]">&gt;&gt;</a>&nbsp;&nbsp;&nbsp;I2C_read_byte
</UL>
<BR>[Called By]<UL><LI><a href="#[b1]">&gt;&gt;</a>&nbsp;&nbsp;&nbsp;CTP_Init
</UL>

<P><STRONG><a name="[15e]"></a>CT_DELAY_US</STRONG> (Thumb, 20 bytes, Stack size 0 bytes, tp_drv.o(i.CT_DELAY_US))
<BR><BR>[Called By]<UL><LI><a href="#[ba]">&gt;&gt;</a>&nbsp;&nbsp;&nbsp;I2C_write_byte
<LI><a href="#[bb]">&gt;&gt;</a>&nbsp;&nbsp;&nbsp;I2C_stop
<LI><a href="#[b9]">&gt;&gt;</a>&nbsp;&nbsp;&nbsp;I2C_start
<LI><a href="#[be]">&gt;&gt;</a>&nbsp;&nbsp;&nbsp;I2C_read_byte
</UL>

<P><STRONG><a name="[bd]"></a>CT_Write_Nbyte</STRONG> (Thumb, 70 bytes, Stack size 24 bytes, ctp.o(i.CT_Write_Nbyte))
<BR><BR>[Stack]<UL><LI>Max Depth = 80<LI>Call Chain = CT_Write_Nbyte &rArr; I2C_write_byte &rArr; I2C_WriteGpioData &rArr; assert_failed &rArr; __2printf
</UL>
<BR>[Calls]<UL><LI><a href="#[ba]">&gt;&gt;</a>&nbsp;&nbsp;&nbsp;I2C_write_byte
<LI><a href="#[bb]">&gt;&gt;</a>&nbsp;&nbsp;&nbsp;I2C_stop
<LI><a href="#[b9]">&gt;&gt;</a>&nbsp;&nbsp;&nbsp;I2C_start
</UL>
<BR>[Called By]<UL><LI><a href="#[b2]">&gt;&gt;</a>&nbsp;&nbsp;&nbsp;CTP_io_Init
</UL>

<P><STRONG><a name="[7f]"></a>Canvas_Image_Start_address</STRONG> (Thumb, 44 bytes, Stack size 8 bytes, lt768.o(i.Canvas_Image_Start_address))
<BR><BR>[Stack]<UL><LI>Max Depth = 64<LI>Call Chain = Canvas_Image_Start_address &rArr; LCD_RegisterWrite &rArr; LCD_CmdWrite &rArr; EPORT_WriteGpioData &rArr; assert_failed &rArr; __2printf
</UL>
<BR>[Calls]<UL><LI><a href="#[71]">&gt;&gt;</a>&nbsp;&nbsp;&nbsp;LCD_RegisterWrite
</UL>
<BR>[Called By]<UL><LI><a href="#[227]">&gt;&gt;</a>&nbsp;&nbsp;&nbsp;pop_up_touch
<LI><a href="#[218]">&gt;&gt;</a>&nbsp;&nbsp;&nbsp;data_input
<LI><a href="#[18d]">&gt;&gt;</a>&nbsp;&nbsp;&nbsp;LT768_Init
<LI><a href="#[153]">&gt;&gt;</a>&nbsp;&nbsp;&nbsp;Get_date_variable_Id_Regular_update
<LI><a href="#[13b]">&gt;&gt;</a>&nbsp;&nbsp;&nbsp;GBK_input
<LI><a href="#[87]">&gt;&gt;</a>&nbsp;&nbsp;&nbsp;Display_page
<LI><a href="#[7c]">&gt;&gt;</a>&nbsp;&nbsp;&nbsp;Ascii_input
<LI><a href="#[18b]">&gt;&gt;</a>&nbsp;&nbsp;&nbsp;LT768_Draw_16bit_2
<LI><a href="#[18a]">&gt;&gt;</a>&nbsp;&nbsp;&nbsp;LT768_Draw_16bit
<LI><a href="#[81]">&gt;&gt;</a>&nbsp;&nbsp;&nbsp;LT768_DMA_24bit_Block_Or_Line_16bpp
<LI><a href="#[85]">&gt;&gt;</a>&nbsp;&nbsp;&nbsp;Get_Touch_info
<LI><a href="#[228]">&gt;&gt;</a>&nbsp;&nbsp;&nbsp;text_scroll_Once
<LI><a href="#[14c]">&gt;&gt;</a>&nbsp;&nbsp;&nbsp;text_scroll
<LI><a href="#[144]">&gt;&gt;</a>&nbsp;&nbsp;&nbsp;text_display
<LI><a href="#[14b]">&gt;&gt;</a>&nbsp;&nbsp;&nbsp;qr_code
<LI><a href="#[14e]">&gt;&gt;</a>&nbsp;&nbsp;&nbsp;progress_bar
<LI><a href="#[148]">&gt;&gt;</a>&nbsp;&nbsp;&nbsp;pic_date_display
<LI><a href="#[147]">&gt;&gt;</a>&nbsp;&nbsp;&nbsp;icon_display
<LI><a href="#[149]">&gt;&gt;</a>&nbsp;&nbsp;&nbsp;gif_display
<LI><a href="#[13f]">&gt;&gt;</a>&nbsp;&nbsp;&nbsp;download_page
<LI><a href="#[c5]">&gt;&gt;</a>&nbsp;&nbsp;&nbsp;Run_Pointer
<LI><a href="#[141]">&gt;&gt;</a>&nbsp;&nbsp;&nbsp;RingSld_Display
<LI><a href="#[db]">&gt;&gt;</a>&nbsp;&nbsp;&nbsp;Real_time_curve_display_static
<LI><a href="#[e8]">&gt;&gt;</a>&nbsp;&nbsp;&nbsp;Real_time_curve_display_dynamic
<LI><a href="#[152]">&gt;&gt;</a>&nbsp;&nbsp;&nbsp;Pointer_display
<LI><a href="#[1be]">&gt;&gt;</a>&nbsp;&nbsp;&nbsp;LT_ShowGifPicture
<LI><a href="#[1b3]">&gt;&gt;</a>&nbsp;&nbsp;&nbsp;LT_Print_zk_Scroll
<LI><a href="#[86]">&gt;&gt;</a>&nbsp;&nbsp;&nbsp;LT_Print_zk_Font
<LI><a href="#[f3]">&gt;&gt;</a>&nbsp;&nbsp;&nbsp;DrawPoint_Buffer_alphablend
<LI><a href="#[88]">&gt;&gt;</a>&nbsp;&nbsp;&nbsp;Display_pop_up
<LI><a href="#[ea]">&gt;&gt;</a>&nbsp;&nbsp;&nbsp;Display_RTC
<LI><a href="#[77]">&gt;&gt;</a>&nbsp;&nbsp;&nbsp;Display_Icon
<LI><a href="#[e6]">&gt;&gt;</a>&nbsp;&nbsp;&nbsp;Display_Count
<LI><a href="#[d7]">&gt;&gt;</a>&nbsp;&nbsp;&nbsp;Display_Clock
<LI><a href="#[e4]">&gt;&gt;</a>&nbsp;&nbsp;&nbsp;Disp_slide
<LI><a href="#[df]">&gt;&gt;</a>&nbsp;&nbsp;&nbsp;DL_menu
<LI><a href="#[de]">&gt;&gt;</a>&nbsp;&nbsp;&nbsp;DL_RingSld
<LI><a href="#[cf]">&gt;&gt;</a>&nbsp;&nbsp;&nbsp;Circular_progress_bar
</UL>

<P><STRONG><a name="[80]"></a>Canvas_image_width</STRONG> (Thumb, 24 bytes, Stack size 8 bytes, lt768.o(i.Canvas_image_width))
<BR><BR>[Stack]<UL><LI>Max Depth = 64<LI>Call Chain = Canvas_image_width &rArr; LCD_RegisterWrite &rArr; LCD_CmdWrite &rArr; EPORT_WriteGpioData &rArr; assert_failed &rArr; __2printf
</UL>
<BR>[Calls]<UL><LI><a href="#[71]">&gt;&gt;</a>&nbsp;&nbsp;&nbsp;LCD_RegisterWrite
</UL>
<BR>[Called By]<UL><LI><a href="#[227]">&gt;&gt;</a>&nbsp;&nbsp;&nbsp;pop_up_touch
<LI><a href="#[218]">&gt;&gt;</a>&nbsp;&nbsp;&nbsp;data_input
<LI><a href="#[18d]">&gt;&gt;</a>&nbsp;&nbsp;&nbsp;LT768_Init
<LI><a href="#[153]">&gt;&gt;</a>&nbsp;&nbsp;&nbsp;Get_date_variable_Id_Regular_update
<LI><a href="#[13b]">&gt;&gt;</a>&nbsp;&nbsp;&nbsp;GBK_input
<LI><a href="#[87]">&gt;&gt;</a>&nbsp;&nbsp;&nbsp;Display_page
<LI><a href="#[7c]">&gt;&gt;</a>&nbsp;&nbsp;&nbsp;Ascii_input
<LI><a href="#[18b]">&gt;&gt;</a>&nbsp;&nbsp;&nbsp;LT768_Draw_16bit_2
<LI><a href="#[18a]">&gt;&gt;</a>&nbsp;&nbsp;&nbsp;LT768_Draw_16bit
<LI><a href="#[81]">&gt;&gt;</a>&nbsp;&nbsp;&nbsp;LT768_DMA_24bit_Block_Or_Line_16bpp
<LI><a href="#[85]">&gt;&gt;</a>&nbsp;&nbsp;&nbsp;Get_Touch_info
<LI><a href="#[228]">&gt;&gt;</a>&nbsp;&nbsp;&nbsp;text_scroll_Once
<LI><a href="#[14c]">&gt;&gt;</a>&nbsp;&nbsp;&nbsp;text_scroll
<LI><a href="#[144]">&gt;&gt;</a>&nbsp;&nbsp;&nbsp;text_display
<LI><a href="#[14b]">&gt;&gt;</a>&nbsp;&nbsp;&nbsp;qr_code
<LI><a href="#[14e]">&gt;&gt;</a>&nbsp;&nbsp;&nbsp;progress_bar
<LI><a href="#[148]">&gt;&gt;</a>&nbsp;&nbsp;&nbsp;pic_date_display
<LI><a href="#[147]">&gt;&gt;</a>&nbsp;&nbsp;&nbsp;icon_display
<LI><a href="#[149]">&gt;&gt;</a>&nbsp;&nbsp;&nbsp;gif_display
<LI><a href="#[13f]">&gt;&gt;</a>&nbsp;&nbsp;&nbsp;download_page
<LI><a href="#[c5]">&gt;&gt;</a>&nbsp;&nbsp;&nbsp;Run_Pointer
<LI><a href="#[141]">&gt;&gt;</a>&nbsp;&nbsp;&nbsp;RingSld_Display
<LI><a href="#[db]">&gt;&gt;</a>&nbsp;&nbsp;&nbsp;Real_time_curve_display_static
<LI><a href="#[e8]">&gt;&gt;</a>&nbsp;&nbsp;&nbsp;Real_time_curve_display_dynamic
<LI><a href="#[152]">&gt;&gt;</a>&nbsp;&nbsp;&nbsp;Pointer_display
<LI><a href="#[1be]">&gt;&gt;</a>&nbsp;&nbsp;&nbsp;LT_ShowGifPicture
<LI><a href="#[1b3]">&gt;&gt;</a>&nbsp;&nbsp;&nbsp;LT_Print_zk_Scroll
<LI><a href="#[86]">&gt;&gt;</a>&nbsp;&nbsp;&nbsp;LT_Print_zk_Font
<LI><a href="#[f3]">&gt;&gt;</a>&nbsp;&nbsp;&nbsp;DrawPoint_Buffer_alphablend
<LI><a href="#[88]">&gt;&gt;</a>&nbsp;&nbsp;&nbsp;Display_pop_up
<LI><a href="#[ea]">&gt;&gt;</a>&nbsp;&nbsp;&nbsp;Display_RTC
<LI><a href="#[77]">&gt;&gt;</a>&nbsp;&nbsp;&nbsp;Display_Icon
<LI><a href="#[e6]">&gt;&gt;</a>&nbsp;&nbsp;&nbsp;Display_Count
<LI><a href="#[d7]">&gt;&gt;</a>&nbsp;&nbsp;&nbsp;Display_Clock
<LI><a href="#[e4]">&gt;&gt;</a>&nbsp;&nbsp;&nbsp;Disp_slide
<LI><a href="#[df]">&gt;&gt;</a>&nbsp;&nbsp;&nbsp;DL_menu
<LI><a href="#[de]">&gt;&gt;</a>&nbsp;&nbsp;&nbsp;DL_RingSld
<LI><a href="#[cf]">&gt;&gt;</a>&nbsp;&nbsp;&nbsp;Circular_progress_bar
</UL>

<P><STRONG><a name="[bf]"></a>Check_2D_Busy</STRONG> (Thumb, 12 bytes, Stack size 8 bytes, lt768.o(i.Check_2D_Busy))
<BR><BR>[Stack]<UL><LI>Max Depth = 56<LI>Call Chain = Check_2D_Busy &rArr; LCD_StatusRead &rArr; SPI_StatusRead &rArr; EPORT_WriteGpioData &rArr; assert_failed &rArr; __2printf
</UL>
<BR>[Calls]<UL><LI><a href="#[c0]">&gt;&gt;</a>&nbsp;&nbsp;&nbsp;LCD_StatusRead
</UL>
<BR>[Called By]<UL><LI><a href="#[cb]">&gt;&gt;</a>&nbsp;&nbsp;&nbsp;LT768_DrawSquare_Fill
<LI><a href="#[d3]">&gt;&gt;</a>&nbsp;&nbsp;&nbsp;LT768_DrawTriangle_Fill
<LI><a href="#[d2]">&gt;&gt;</a>&nbsp;&nbsp;&nbsp;LT768_DrawQuadrilateral_Fill
<LI><a href="#[d1]">&gt;&gt;</a>&nbsp;&nbsp;&nbsp;LT768_DrawPentagon_Fill
<LI><a href="#[86]">&gt;&gt;</a>&nbsp;&nbsp;&nbsp;LT_Print_zk_Font
<LI><a href="#[17d]">&gt;&gt;</a>&nbsp;&nbsp;&nbsp;LT768_DrawLine
<LI><a href="#[1a2]">&gt;&gt;</a>&nbsp;&nbsp;&nbsp;Show_String
</UL>

<P><STRONG><a name="[9d]"></a>Check_BTE_Busy</STRONG> (Thumb, 12 bytes, Stack size 8 bytes, lt768.o(i.Check_BTE_Busy))
<BR><BR>[Stack]<UL><LI>Max Depth = 56<LI>Call Chain = Check_BTE_Busy &rArr; LCD_StatusRead &rArr; SPI_StatusRead &rArr; EPORT_WriteGpioData &rArr; assert_failed &rArr; __2printf
</UL>
<BR>[Calls]<UL><LI><a href="#[c0]">&gt;&gt;</a>&nbsp;&nbsp;&nbsp;LCD_StatusRead
</UL>
<BR>[Called By]<UL><LI><a href="#[7d]">&gt;&gt;</a>&nbsp;&nbsp;&nbsp;LT768_BTE_Memory_Copy
<LI><a href="#[82]">&gt;&gt;</a>&nbsp;&nbsp;&nbsp;LT768_BTE_Memory_Copy_Chroma_key
<LI><a href="#[169]">&gt;&gt;</a>&nbsp;&nbsp;&nbsp;LT768_BTE_Memory_Copy_1
<LI><a href="#[83]">&gt;&gt;</a>&nbsp;&nbsp;&nbsp;BTE_Pixel_16bpp_Alpha_Blending
<LI><a href="#[89]">&gt;&gt;</a>&nbsp;&nbsp;&nbsp;BTE_Alpha_Blending
</UL>

<P><STRONG><a name="[c1]"></a>Check_Busy_Draw</STRONG> (Thumb, 12 bytes, Stack size 8 bytes, lt768.o(i.Check_Busy_Draw))
<BR><BR>[Stack]<UL><LI>Max Depth = 56<LI>Call Chain = Check_Busy_Draw &rArr; LCD_StatusRead &rArr; SPI_StatusRead &rArr; EPORT_WriteGpioData &rArr; assert_failed &rArr; __2printf
</UL>
<BR>[Calls]<UL><LI><a href="#[c0]">&gt;&gt;</a>&nbsp;&nbsp;&nbsp;LCD_StatusRead
</UL>
<BR>[Called By]<UL><LI><a href="#[188]">&gt;&gt;</a>&nbsp;&nbsp;&nbsp;Start_Square_Fill
<LI><a href="#[d2]">&gt;&gt;</a>&nbsp;&nbsp;&nbsp;LT768_DrawQuadrilateral_Fill
<LI><a href="#[d1]">&gt;&gt;</a>&nbsp;&nbsp;&nbsp;LT768_DrawPentagon_Fill
<LI><a href="#[189]">&gt;&gt;</a>&nbsp;&nbsp;&nbsp;Start_Triangle_Fill
<LI><a href="#[180]">&gt;&gt;</a>&nbsp;&nbsp;&nbsp;Start_Line
</UL>

<P><STRONG><a name="[c2]"></a>Check_Busy_SFI_DMA</STRONG> (Thumb, 18 bytes, Stack size 8 bytes, lt768.o(i.Check_Busy_SFI_DMA))
[...]
<LI><a href="#[82]">&gt;&gt;</a>&nbsp;&nbsp;&nbsp;LT768_BTE_Memory_Copy_Chroma_key
<LI><a href="#[80]">&gt;&gt;</a>&nbsp;&nbsp;&nbsp;Canvas_image_width
<LI><a href="#[7f]">&gt;&gt;</a>&nbsp;&nbsp;&nbsp;Canvas_Image_Start_address
<LI><a href="#[83]">&gt;&gt;</a>&nbsp;&nbsp;&nbsp;BTE_Pixel_16bpp_Alpha_Blending
<LI><a href="#[59]">&gt;&gt;</a>&nbsp;&nbsp;&nbsp;__aeabi_memclr
<LI><a href="#[58]">&gt;&gt;</a>&nbsp;&nbsp;&nbsp;__aeabi_ldivmod
<LI><a href="#[d4]">&gt;&gt;</a>&nbsp;&nbsp;&nbsp;__hardfp_pow
</UL>
<BR>[Called By]<UL><LI><a href="#[153]">&gt;&gt;</a>&nbsp;&nbsp;&nbsp;Get_date_variable_Id_Regular_update
<LI><a href="#[7a]">&gt;&gt;</a>&nbsp;&nbsp;&nbsp;page_date_update
<LI><a href="#[154]">&gt;&gt;</a>&nbsp;&nbsp;&nbsp;Get_date_variable_Id_download
<LI><a href="#[ee]">&gt;&gt;</a>&nbsp;&nbsp;&nbsp;Get_date_variable_Id
</UL>

<P><STRONG><a name="[227]"></a>pop_up_touch</STRONG> (Thumb, 1020 bytes, Stack size 104 bytes, bsp.o(i.pop_up_touch))
<BR><BR>[Stack]<UL><LI>Max Depth = 11368<LI>Call Chain = pop_up_touch &rArr; Display_pop_up &rArr;  Get_date_variable_Id (Cycle)
</UL>
<BR>[Calls]<UL><LI><a href="#[cb]">&gt;&gt;</a>&nbsp;&nbsp;&nbsp;LT768_DrawSquare_Fill
<LI><a href="#[7d]">&gt;&gt;</a>&nbsp;&nbsp;&nbsp;LT768_BTE_Memory_Copy
<LI><a href="#[75]">&gt;&gt;</a>&nbsp;&nbsp;&nbsp;Flash_Read_UI
<LI><a href="#[7b]">&gt;&gt;</a>&nbsp;&nbsp;&nbsp;LT_SendData_CRC_Frame
<LI><a href="#[80]">&gt;&gt;</a>&nbsp;&nbsp;&nbsp;Canvas_image_width
<LI><a href="#[7f]">&gt;&gt;</a>&nbsp;&nbsp;&nbsp;Canvas_Image_Start_address
<LI><a href="#[89]">&gt;&gt;</a>&nbsp;&nbsp;&nbsp;BTE_Alpha_Blending
<LI><a href="#[78]">&gt;&gt;</a>&nbsp;&nbsp;&nbsp;touch_buzzer
<LI><a href="#[88]">&gt;&gt;</a>&nbsp;&nbsp;&nbsp;Display_pop_up
<LI><a href="#[77]">&gt;&gt;</a>&nbsp;&nbsp;&nbsp;Display_Icon
</UL>
<BR>[Called By]<UL><LI><a href="#[4b]">&gt;&gt;</a>&nbsp;&nbsp;&nbsp;main
</UL>

<P><STRONG><a name="[14e]"></a>progress_bar</STRONG> (Thumb, 2380 bytes, Stack size 120 bytes, bsp.o(i.progress_bar))
<BR><BR>[Stack]<UL><LI>Max Depth = 2280<LI>Call Chain = progress_bar &rArr; Flash_Read_UI &rArr; Mcu_ReadPageAddr_Data &rArr; Mcu_Write_SR &rArr; Mcu_Write_Enable &rArr; MCU_SS_SET &rArr; EPORT_WriteGpioData &rArr; assert_failed &rArr; __2printf
</UL>
<BR>[Calls]<UL><LI><a href="#[7d]">&gt;&gt;</a>&nbsp;&nbsp;&nbsp;LT768_BTE_Memory_Copy
<LI><a href="#[75]">&gt;&gt;</a>&nbsp;&nbsp;&nbsp;Flash_Read_UI
<LI><a href="#[81]">&gt;&gt;</a>&nbsp;&nbsp;&nbsp;LT768_DMA_24bit_Block_Or_Line_16bpp
<LI><a href="#[82]">&gt;&gt;</a>&nbsp;&nbsp;&nbsp;LT768_BTE_Memory_Copy_Chroma_key
<LI><a href="#[80]">&gt;&gt;</a>&nbsp;&nbsp;&nbsp;Canvas_image_width
<LI><a href="#[7f]">&gt;&gt;</a>&nbsp;&nbsp;&nbsp;Canvas_Image_Start_address
<LI><a href="#[83]">&gt;&gt;</a>&nbsp;&nbsp;&nbsp;BTE_Pixel_16bpp_Alpha_Blending
<LI><a href="#[7e]">&gt;&gt;</a>&nbsp;&nbsp;&nbsp;Get_Canvas_Width
</UL>
<BR>[Called By]<UL><LI><a href="#[153]">&gt;&gt;</a>&nbsp;&nbsp;&nbsp;Get_date_variable_Id_Regular_update
<LI><a href="#[7a]">&gt;&gt;</a>&nbsp;&nbsp;&nbsp;page_date_update
<LI><a href="#[154]">&gt;&gt;</a>&nbsp;&nbsp;&nbsp;Get_date_variable_Id_download
<LI><a href="#[ee]">&gt;&gt;</a>&nbsp;&nbsp;&nbsp;Get_date_variable_Id
</UL>

<P><STRONG><a name="[14b]"></a>qr_code</STRONG> (Thumb, 726 bytes, Stack size 96 bytes, bsp.o(i.qr_code))
<BR><BR>[Stack]<UL><LI>Max Depth = 244<LI>Call Chain = qr_code &rArr; EncodeData &rArr; GetEncodeVersion &rArr; EncodeSourceData &rArr; SetBitStream
</UL>
<BR>[Calls]<UL><LI><a href="#[cb]">&gt;&gt;</a>&nbsp;&nbsp;&nbsp;LT768_DrawSquare_Fill
<LI><a href="#[7d]">&gt;&gt;</a>&nbsp;&nbsp;&nbsp;LT768_BTE_Memory_Copy
<LI><a href="#[10f]">&gt;&gt;</a>&nbsp;&nbsp;&nbsp;EncodeData
<LI><a href="#[80]">&gt;&gt;</a>&nbsp;&nbsp;&nbsp;Canvas_image_width
<LI><a href="#[7f]">&gt;&gt;</a>&nbsp;&nbsp;&nbsp;Canvas_Image_Start_address
</UL>
<BR>[Called By]<UL><LI><a href="#[153]">&gt;&gt;</a>&nbsp;&nbsp;&nbsp;Get_date_variable_Id_Regular_update
<LI><a href="#[154]">&gt;&gt;</a>&nbsp;&nbsp;&nbsp;Get_date_variable_Id_download
<LI><a href="#[ee]">&gt;&gt;</a>&nbsp;&nbsp;&nbsp;Get_date_variable_Id
</UL>

<P><STRONG><a name="[21a]"></a>rangeAngle</STRONG> (Thumb, 20 bytes, Stack size 0 bytes, sincostable.o(i.rangeAngle))
<BR><BR>[Called By]<UL><LI><a href="#[ef]">&gt;&gt;</a>&nbsp;&nbsp;&nbsp;fast_sin
<LI><a href="#[f0]">&gt;&gt;</a>&nbsp;&nbsp;&nbsp;fast_cos
</UL>

<P><STRONG><a name="[79]"></a>reg_operation</STRONG> (Thumb, 1496 bytes, Stack size 2088 bytes, bsp.o(i.reg_operation))
<BR><BR>[Stack]<UL><LI>Max Depth = 13352 + In Cycle
<LI>Call Chain = reg_operation &rArr;  Display_page (Cycle)
</UL>
<BR>[Calls]<UL><LI><a href="#[75]">&gt;&gt;</a>&nbsp;&nbsp;&nbsp;Flash_Read_UI
<LI><a href="#[87]">&gt;&gt;</a>&nbsp;&nbsp;&nbsp;Display_page
<LI><a href="#[73]">&gt;&gt;</a>&nbsp;&nbsp;&nbsp;Address_Index
<LI><a href="#[14d]">&gt;&gt;</a>&nbsp;&nbsp;&nbsp;Wav_DAC_Init
<LI><a href="#[a5]">&gt;&gt;</a>&nbsp;&nbsp;&nbsp;Stop_PWM1
<LI><a href="#[1a0]">&gt;&gt;</a>&nbsp;&nbsp;&nbsp;Start_PWM1
<LI><a href="#[a4]">&gt;&gt;</a>&nbsp;&nbsp;&nbsp;Set_Timer1_Compare_Buffer
<LI><a href="#[1b8]">&gt;&gt;</a>&nbsp;&nbsp;&nbsp;RTC_Set
<LI><a href="#[ed]">&gt;&gt;</a>&nbsp;&nbsp;&nbsp;RTC_Get
<LI><a href="#[88]">&gt;&gt;</a>&nbsp;&nbsp;&nbsp;Display_pop_up
</UL>
<BR>[Called By]<UL><LI><a href="#[226]">&gt;&gt;</a>&nbsp;&nbsp;&nbsp;slideMune
<LI><a href="#[218]">&gt;&gt;</a>&nbsp;&nbsp;&nbsp;data_input
<LI><a href="#[1fb]">&gt;&gt;</a>&nbsp;&nbsp;&nbsp;VarKey_touch
<LI><a href="#[1e6]">&gt;&gt;</a>&nbsp;&nbsp;&nbsp;RingSld_touch
<LI><a href="#[1df]">&gt;&gt;</a>&nbsp;&nbsp;&nbsp;Progress_bar_sliding
<LI><a href="#[76]">&gt;&gt;</a>&nbsp;&nbsp;&nbsp;Adj_touch
<LI><a href="#[4b]">&gt;&gt;</a>&nbsp;&nbsp;&nbsp;main
<LI><a href="#[c8]">&gt;&gt;</a>&nbsp;&nbsp;&nbsp;Run_Var_Count
<LI><a href="#[1be]">&gt;&gt;</a>&nbsp;&nbsp;&nbsp;LT_ShowGifPicture
</UL>

<P><STRONG><a name="[223]"></a>scroll_text</STRONG> (Thumb, 100 bytes, Stack size 24 bytes, bsp.o(i.scroll_text))
<BR><BR>[Stack]<UL><LI>Max Depth = 240<LI>Call Chain = scroll_text &rArr; text_scroll_Once &rArr; LT768_BTE_Memory_Copy &rArr; BTE_Destination_Window_Start_XY &rArr; LCD_RegisterWrite &rArr; LCD_CmdWrite &rArr; EPORT_WriteGpioData &rArr; assert_failed &rArr; __2printf
</UL>
<BR>[Calls]<UL><LI><a href="#[228]">&gt;&gt;</a>&nbsp;&nbsp;&nbsp;text_scroll_Once
</UL>
<BR>[Called By]<UL><LI><a href="#[4b]">&gt;&gt;</a>&nbsp;&nbsp;&nbsp;main
</UL>

<P><STRONG><a name="[221]"></a>show_Clock</STRONG> (Thumb, 52 bytes, Stack size 16 bytes, bsp.o(i.show_Clock))
<BR><BR>[Stack]<UL><LI>Max Depth = 568<LI>Call Chain = show_Clock &rArr; Display_Clock &rArr; DrawClockPointer &rArr; DrawClockPointer_BUFF &rArr; lineSDFAABB_BUFF &rArr; DrawPoint_Buffer_alphablend &rArr; Goto_Pixel_XY &rArr; LCD_RegisterWrite &rArr; LCD_CmdWrite &rArr; EPORT_WriteGpioData &rArr; assert_failed &rArr; __2printf
</UL>
<BR>[Calls]<UL><LI><a href="#[d7]">&gt;&gt;</a>&nbsp;&nbsp;&nbsp;Display_Clock
</UL>
<BR>[Called By]<UL><LI><a href="#[4b]">&gt;&gt;</a>&nbsp;&nbsp;&nbsp;main
</UL>

<P><STRONG><a name="[224]"></a>show_Count</STRONG> (Thumb, 132 bytes, Stack size 24 bytes, bsp.o(i.show_Count))
<BR><BR>[Stack]<UL><LI>Max Depth = 2328<LI>Call Chain = show_Count &rArr; Display_Count &rArr; Flash_Read_UI &rArr; Mcu_ReadPageAddr_Data &rArr; Mcu_Write_SR &rArr; Mcu_Write_Enable &rArr; MCU_SS_SET &rArr; EPORT_WriteGpioData &rArr; assert_failed &rArr; __2printf
</UL>
<BR>[Calls]<UL><LI><a href="#[e6]">&gt;&gt;</a>&nbsp;&nbsp;&nbsp;Display_Count
</UL>
<BR>[Called By]<UL><LI><a href="#[4b]">&gt;&gt;</a>&nbsp;&nbsp;&nbsp;main
</UL>

<P><STRONG><a name="[222]"></a>show_RTC</STRONG> (Thumb, 60 bytes, Stack size 16 bytes, bsp.o(i.show_RTC))
<BR><BR>[Stack]<UL><LI>Max Depth = 2344<LI>Call Chain = show_RTC &rArr; Display_RTC &rArr; Flash_Read_UI &rArr; Mcu_ReadPageAddr_Data &rArr; Mcu_Write_SR &rArr; Mcu_Write_Enable &rArr; MCU_SS_SET &rArr; EPORT_WriteGpioData &rArr; assert_failed &rArr; __2printf
</UL>
<BR>[Calls]<UL><LI><a href="#[ea]">&gt;&gt;</a>&nbsp;&nbsp;&nbsp;Display_RTC
</UL>
<BR>[Called By]<UL><LI><a href="#[4b]">&gt;&gt;</a>&nbsp;&nbsp;&nbsp;main
</UL>

<P><STRONG><a name="[220]"></a>show_gif</STRONG> (Thumb, 104 bytes, Stack size 24 bytes, bsp.o(i.show_gif))
<BR><BR>[Stack]<UL><LI>Max Depth = 13472<LI>Call Chain = show_gif &rArr; LT_ShowGifPicture &rArr; reg_operation &rArr;  Display_page (Cycle)
</UL>
<BR>[Calls]<UL><LI><a href="#[1be]">&gt;&gt;</a>&nbsp;&nbsp;&nbsp;LT_ShowGifPicture
</UL>
<BR>[Called By]<UL><LI><a href="#[4b]">&gt;&gt;</a>&nbsp;&nbsp;&nbsp;main
</UL>

<P><STRONG><a name="[226]"></a>slideMune</STRONG> (Thumb, 1354 bytes, Stack size 56 bytes, bsp.o(i.slideMune))
<BR><BR>[Stack]<UL><LI>Max Depth = 13408<LI>Call Chain = slideMune &rArr; reg_operation &rArr;  Display_page (Cycle)
</UL>
<BR>[Calls]<UL><LI><a href="#[79]">&gt;&gt;</a>&nbsp;&nbsp;&nbsp;reg_operation
<LI><a href="#[7a]">&gt;&gt;</a>&nbsp;&nbsp;&nbsp;page_date_update
<LI><a href="#[7b]">&gt;&gt;</a>&nbsp;&nbsp;&nbsp;LT_SendData_CRC_Frame
<LI><a href="#[1e3]">&gt;&gt;</a>&nbsp;&nbsp;&nbsp;Is_Leap_Year
<LI><a href="#[78]">&gt;&gt;</a>&nbsp;&nbsp;&nbsp;touch_buzzer
<LI><a href="#[140]">&gt;&gt;</a>&nbsp;&nbsp;&nbsp;dp_menu
<LI><a href="#[df]">&gt;&gt;</a>&nbsp;&nbsp;&nbsp;DL_menu
</UL>
<BR>[Called By]<UL><LI><a href="#[4b]">&gt;&gt;</a>&nbsp;&nbsp;&nbsp;main
</UL>

<P><STRONG><a name="[225]"></a>slide_screen</STRONG> (Thumb, 2214 bytes, Stack size 104 bytes, bsp.o(i.slide_screen))
<BR><BR>[Stack]<UL><LI>Max Depth = 13896<LI>Call Chain = slide_screen &rArr; Display_page &rArr; Get_date_variable_Id &rArr; gif_display &rArr; LT_ShowGifPicture &rArr; reg_operation &rArr;  Display_page (Cycle)
</UL>
<BR>[Calls]<UL><LI><a href="#[ce]">&gt;&gt;</a>&nbsp;&nbsp;&nbsp;WDT_FeedDog
<LI><a href="#[7d]">&gt;&gt;</a>&nbsp;&nbsp;&nbsp;LT768_BTE_Memory_Copy
<LI><a href="#[87]">&gt;&gt;</a>&nbsp;&nbsp;&nbsp;Display_page
<LI><a href="#[1eb]">&gt;&gt;</a>&nbsp;&nbsp;&nbsp;Select_PIP1_Window_24bpp
<LI><a href="#[1ea]">&gt;&gt;</a>&nbsp;&nbsp;&nbsp;Select_PIP1_Window_16bpp
<LI><a href="#[1e9]">&gt;&gt;</a>&nbsp;&nbsp;&nbsp;Select_PIP1_Parameter
<LI><a href="#[1d5]">&gt;&gt;</a>&nbsp;&nbsp;&nbsp;PIP_Window_Width_Height
<LI><a href="#[1d4]">&gt;&gt;</a>&nbsp;&nbsp;&nbsp;PIP_Window_Image_Start_XY
<LI><a href="#[1d3]">&gt;&gt;</a>&nbsp;&nbsp;&nbsp;PIP_Image_Width
<LI><a href="#[1d2]">&gt;&gt;</a>&nbsp;&nbsp;&nbsp;PIP_Image_Start_Address
<LI><a href="#[1d1]">&gt;&gt;</a>&nbsp;&nbsp;&nbsp;PIP_Display_Start_XY
<LI><a href="#[7b]">&gt;&gt;</a>&nbsp;&nbsp;&nbsp;LT_SendData_CRC_Frame
<LI><a href="#[10d]">&gt;&gt;</a>&nbsp;&nbsp;&nbsp;Enable_PIP1
<LI><a href="#[e2]">&gt;&gt;</a>&nbsp;&nbsp;&nbsp;Disable_PIP1
<LI><a href="#[bc]">&gt;&gt;</a>&nbsp;&nbsp;&nbsp;DelayUS
<LI><a href="#[6e]">&gt;&gt;</a>&nbsp;&nbsp;&nbsp;DelayMS
</UL>
<BR>[Called By]<UL><LI><a href="#[4b]">&gt;&gt;</a>&nbsp;&nbsp;&nbsp;main
</UL>

<P><STRONG><a name="[209]"></a>sqrt</STRONG> (Thumb, 110 bytes, Stack size 32 bytes, sqrt.o(i.sqrt))
<BR><BR>[Stack]<UL><LI>Max Depth = 72<LI>Call Chain = sqrt &rArr; _dsqrt &rArr; _double_round
</UL>
<BR>[Calls]<UL><LI><a href="#[6a]">&gt;&gt;</a>&nbsp;&nbsp;&nbsp;_dsqrt
<LI><a href="#[206]">&gt;&gt;</a>&nbsp;&nbsp;&nbsp;__set_errno
</UL>
<BR>[Called By]<UL><LI><a href="#[d4]">&gt;&gt;</a>&nbsp;&nbsp;&nbsp;__hardfp_pow
</UL>

<P><STRONG><a name="[144]"></a>text_display</STRONG> (Thumb, 846 bytes, Stack size 128 bytes, bsp.o(i.text_display))
<BR><BR>[Stack]<UL><LI>Max Depth = 2624<LI>Call Chain = text_display &rArr; LT_Print_zk_Font &rArr; LT768_Draw_16bit &rArr; Flash_Read_UI &rArr; Mcu_ReadPageAddr_Data &rArr; Mcu_Write_SR &rArr; Mcu_Write_Enable &rArr; MCU_SS_SET &rArr; EPORT_WriteGpioData &rArr; assert_failed &rArr; __2printf
</UL>
<BR>[Calls]<UL><LI><a href="#[cb]">&gt;&gt;</a>&nbsp;&nbsp;&nbsp;LT768_DrawSquare_Fill
<LI><a href="#[7d]">&gt;&gt;</a>&nbsp;&nbsp;&nbsp;LT768_BTE_Memory_Copy
<LI><a href="#[75]">&gt;&gt;</a>&nbsp;&nbsp;&nbsp;Flash_Read_UI
<LI><a href="#[80]">&gt;&gt;</a>&nbsp;&nbsp;&nbsp;Canvas_image_width
<LI><a href="#[7f]">&gt;&gt;</a>&nbsp;&nbsp;&nbsp;Canvas_Image_Start_address
<LI><a href="#[86]">&gt;&gt;</a>&nbsp;&nbsp;&nbsp;LT_Print_zk_Font
</UL>
<BR>[Called By]<UL><LI><a href="#[153]">&gt;&gt;</a>&nbsp;&nbsp;&nbsp;Get_date_variable_Id_Regular_update
<LI><a href="#[154]">&gt;&gt;</a>&nbsp;&nbsp;&nbsp;Get_date_variable_Id_download
<LI><a href="#[ee]">&gt;&gt;</a>&nbsp;&nbsp;&nbsp;Get_date_variable_Id
</UL>

<P><STRONG><a name="[14c]"></a>text_scroll</STRONG> (Thumb, 836 bytes, Stack size 144 bytes, bsp.o(i.text_scroll))
<BR><BR>[Stack]<UL><LI>Max Depth = 2600<LI>Call Chain = text_scroll &rArr; LT_Print_zk_Scroll &rArr; LT768_Draw_16bit_2 &rArr; Flash_Read_UI &rArr; Mcu_ReadPageAddr_Data &rArr; Mcu_Write_SR &rArr; Mcu_Write_Enable &rArr; MCU_SS_SET &rArr; EPORT_WriteGpioData &rArr; assert_failed &rArr; __2printf
</UL>
<BR>[Calls]<UL><LI><a href="#[cb]">&gt;&gt;</a>&nbsp;&nbsp;&nbsp;LT768_DrawSquare_Fill
<LI><a href="#[7d]">&gt;&gt;</a>&nbsp;&nbsp;&nbsp;LT768_BTE_Memory_Copy
<LI><a href="#[75]">&gt;&gt;</a>&nbsp;&nbsp;&nbsp;Flash_Read_UI
<LI><a href="#[80]">&gt;&gt;</a>&nbsp;&nbsp;&nbsp;Canvas_image_width
<LI><a href="#[7f]">&gt;&gt;</a>&nbsp;&nbsp;&nbsp;Canvas_Image_Start_address
<LI><a href="#[1b3]">&gt;&gt;</a>&nbsp;&nbsp;&nbsp;LT_Print_zk_Scroll
</UL>
<BR>[Called By]<UL><LI><a href="#[153]">&gt;&gt;</a>&nbsp;&nbsp;&nbsp;Get_date_variable_Id_Regular_update
<LI><a href="#[ee]">&gt;&gt;</a>&nbsp;&nbsp;&nbsp;Get_date_variable_Id
</UL>

<P><STRONG><a name="[228]"></a>text_scroll_Once</STRONG> (Thumb, 3060 bytes, Stack size 104 bytes, bsp.o(i.text_scroll_Once))
<BR><BR>[Stack]<UL><LI>Max Depth = 216<LI>Call Chain = text_scroll_Once &rArr; LT768_BTE_Memory_Copy &rArr; BTE_Destination_Window_Start_XY &rArr; LCD_RegisterWrite &rArr; LCD_CmdWrite &rArr; EPORT_WriteGpioData &rArr; assert_failed &rArr; __2printf
</UL>
<BR>[Calls]<UL><LI><a href="#[cb]">&gt;&gt;</a>&nbsp;&nbsp;&nbsp;LT768_DrawSquare_Fill
<LI><a href="#[7d]">&gt;&gt;</a>&nbsp;&nbsp;&nbsp;LT768_BTE_Memory_Copy
<LI><a href="#[82]">&gt;&gt;</a>&nbsp;&nbsp;&nbsp;LT768_BTE_Memory_Copy_Chroma_key
<LI><a href="#[80]">&gt;&gt;</a>&nbsp;&nbsp;&nbsp;Canvas_image_width
<LI><a href="#[7f]">&gt;&gt;</a>&nbsp;&nbsp;&nbsp;Canvas_Image_Start_address
<LI><a href="#[83]">&gt;&gt;</a>&nbsp;&nbsp;&nbsp;BTE_Pixel_16bpp_Alpha_Blending
</UL>
<BR>[Called By]<UL><LI><a href="#[223]">&gt;&gt;</a>&nbsp;&nbsp;&nbsp;scroll_text
</UL>

<P><STRONG><a name="[78]"></a>touch_buzzer</STRONG> (Thumb, 18 bytes, Stack size 0 bytes, bsp.o(i.touch_buzzer))
<BR><BR>[Calls]<UL><LI><a href="#[1d6]">&gt;&gt;</a>&nbsp;&nbsp;&nbsp;UART_WriteGpioData
</UL>
<BR>[Called By]<UL><LI><a href="#[226]">&gt;&gt;</a>&nbsp;&nbsp;&nbsp;slideMune
<LI><a href="#[227]">&gt;&gt;</a>&nbsp;&nbsp;&nbsp;pop_up_touch
<LI><a href="#[218]">&gt;&gt;</a>&nbsp;&nbsp;&nbsp;data_input
<LI><a href="#[1fb]">&gt;&gt;</a>&nbsp;&nbsp;&nbsp;VarKey_touch
<LI><a href="#[1e6]">&gt;&gt;</a>&nbsp;&nbsp;&nbsp;RingSld_touch
<LI><a href="#[1df]">&gt;&gt;</a>&nbsp;&nbsp;&nbsp;Progress_bar_sliding
<LI><a href="#[13b]">&gt;&gt;</a>&nbsp;&nbsp;&nbsp;GBK_input
<LI><a href="#[a8]">&gt;&gt;</a>&nbsp;&nbsp;&nbsp;Basic_touch
<LI><a href="#[7c]">&gt;&gt;</a>&nbsp;&nbsp;&nbsp;Ascii_input
<LI><a href="#[76]">&gt;&gt;</a>&nbsp;&nbsp;&nbsp;Adj_touch
<LI><a href="#[13c]">&gt;&gt;</a>&nbsp;&nbsp;&nbsp;choice_GBK
<LI><a href="#[11d]">&gt;&gt;</a>&nbsp;&nbsp;&nbsp;TP_read_XY
</UL>
<P>
<H3>
Local Symbols
</H3>
<P><STRONG><a name="[ae]"></a>cpm_set_sysclk_div</STRONG> (Thumb, 28 bytes, Stack size 0 bytes, cpm_drv.o(i.cpm_set_sysclk_div))
<BR><BR>[Called By]<UL><LI><a href="#[ac]">&gt;&gt;</a>&nbsp;&nbsp;&nbsp;CPM_SysClkSelect
</UL>

<P><STRONG><a name="[101]"></a>FLASH_checkAddr</STRONG> (Thumb, 30 bytes, Stack size 0 bytes, eflash_drv.o(i.FLASH_checkAddr))
<BR><BR>[Called By]<UL><LI><a href="#[100]">&gt;&gt;</a>&nbsp;&nbsp;&nbsp;EFLASH_Write
</UL>

<P><STRONG><a name="[15a]"></a>I2C_ISR</STRONG> (Thumb, 164 bytes, Stack size 12 bytes, i2c_drv.o(i.I2C_ISR))
<BR><BR>[Stack]<UL><LI>Max Depth = 12<LI>Call Chain = I2C_ISR
</UL>
<BR>[Called By]<UL><LI><a href="#[47]">&gt;&gt;</a>&nbsp;&nbsp;&nbsp;I2C3_IRQHandler
<LI><a href="#[46]">&gt;&gt;</a>&nbsp;&nbsp;&nbsp;I2C2_IRQHandler
</UL>

<P><STRONG><a name="[105]"></a>EPORT_IRQHandler</STRONG> (Thumb, 116 bytes, Stack size 16 bytes, eport_drv.o(i.EPORT_IRQHandler))
<BR><BR>[Stack]<UL><LI>Max Depth = 40<LI>Call Chain = EPORT_IRQHandler &rArr; __2printf
</UL>
<BR>[Calls]<UL><LI><a href="#[a9]">&gt;&gt;</a>&nbsp;&nbsp;&nbsp;__2printf
</UL>
<BR>[Called By]<UL><LI><a href="#[43]">&gt;&gt;</a>&nbsp;&nbsp;&nbsp;EPORT1_7_IRQHandler
<LI><a href="#[42]">&gt;&gt;</a>&nbsp;&nbsp;&nbsp;EPORT1_6_IRQHandler
<LI><a href="#[41]">&gt;&gt;</a>&nbsp;&nbsp;&nbsp;EPORT1_5_IRQHandler
<LI><a href="#[40]">&gt;&gt;</a>&nbsp;&nbsp;&nbsp;EPORT1_4_IRQHandler
<LI><a href="#[3f]">&gt;&gt;</a>&nbsp;&nbsp;&nbsp;EPORT1_3_IRQHandler
<LI><a href="#[3e]">&gt;&gt;</a>&nbsp;&nbsp;&nbsp;EPORT1_2_IRQHandler
<LI><a href="#[3d]">&gt;&gt;</a>&nbsp;&nbsp;&nbsp;EPORT1_1_IRQHandler
<LI><a href="#[3c]">&gt;&gt;</a>&nbsp;&nbsp;&nbsp;EPORT1_0_IRQHandler
<LI><a href="#[3b]">&gt;&gt;</a>&nbsp;&nbsp;&nbsp;EPORT0_7_IRQHandler
<LI><a href="#[3a]">&gt;&gt;</a>&nbsp;&nbsp;&nbsp;EPORT0_6_IRQHandler
<LI><a href="#[39]">&gt;&gt;</a>&nbsp;&nbsp;&nbsp;EPORT0_5_IRQHandler
<LI><a href="#[37]">&gt;&gt;</a>&nbsp;&nbsp;&nbsp;EPORT0_3_IRQHandler
<LI><a href="#[35]">&gt;&gt;</a>&nbsp;&nbsp;&nbsp;EPORT0_1_IRQHandler
<LI><a href="#[34]">&gt;&gt;</a>&nbsp;&nbsp;&nbsp;EPORT0_0_IRQHandler
</UL>

<P><STRONG><a name="[1e7]"></a>UART_ISR</STRONG> (Thumb, 34 bytes, Stack size 0 bytes, uart_drv.o(i.UART_ISR))
<BR><BR>[Called By]<UL><LI><a href="#[2c]">&gt;&gt;</a>&nbsp;&nbsp;&nbsp;SCI2_IRQHandler
</UL>

<P><STRONG><a name="[215]"></a>DAC_Timer_Disable</STRONG> (Thumb, 12 bytes, Stack size 0 bytes, dac.o(i.DAC_Timer_Disable))
<BR><BR>[Called By]<UL><LI><a href="#[ec]">&gt;&gt;</a>&nbsp;&nbsp;&nbsp;close_wav_dac
</UL>

<P><STRONG><a name="[1b2]"></a>DAC_Timer_Enable</STRONG> (Thumb, 12 bytes, Stack size 0 bytes, dac.o(i.DAC_Timer_Enable))
<BR><BR>[Called By]<UL><LI><a href="#[1ad]">&gt;&gt;</a>&nbsp;&nbsp;&nbsp;LT_PlayWav_DAC
</UL>

<P><STRONG><a name="[1b1]"></a>DAC_Timer_Init</STRONG> (Thumb, 72 bytes, Stack size 0 bytes, dac.o(i.DAC_Timer_Init))
<BR><BR>[Called By]<UL><LI><a href="#[1ad]">&gt;&gt;</a>&nbsp;&nbsp;&nbsp;LT_PlayWav_DAC
</UL>

<P><STRONG><a name="[104]"></a>eflash_set_rwsc</STRONG> (Thumb, 22 bytes, Stack size 0 bytes, eflash.o(i.eflash_set_rwsc))
<BR><BR>[Called By]<UL><LI><a href="#[fa]">&gt;&gt;</a>&nbsp;&nbsp;&nbsp;EFM_Init
</UL>

<P><STRONG><a name="[200]"></a>_printf_core</STRONG> (Thumb, 996 bytes, Stack size 104 bytes, printf8.o(i._printf_core), UNUSED)
<BR><BR>[Calls]<UL><LI><a href="#[55]">&gt;&gt;</a>&nbsp;&nbsp;&nbsp;__aeabi_uldivmod
<LI><a href="#[211]">&gt;&gt;</a>&nbsp;&nbsp;&nbsp;_printf_pre_padding
<LI><a href="#[212]">&gt;&gt;</a>&nbsp;&nbsp;&nbsp;_printf_post_padding
</UL>
<BR>[Called By]<UL><LI><a href="#[201]">&gt;&gt;</a>&nbsp;&nbsp;&nbsp;__0sprintf$8
<LI><a href="#[1ff]">&gt;&gt;</a>&nbsp;&nbsp;&nbsp;__0printf$8
</UL>

<P><STRONG><a name="[212]"></a>_printf_post_padding</STRONG> (Thumb, 36 bytes, Stack size 24 bytes, printf8.o(i._printf_post_padding), UNUSED)
<BR><BR>[Called By]<UL><LI><a href="#[200]">&gt;&gt;</a>&nbsp;&nbsp;&nbsp;_printf_core
</UL>

<P><STRONG><a name="[211]"></a>_printf_pre_padding</STRONG> (Thumb, 46 bytes, Stack size 24 bytes, printf8.o(i._printf_pre_padding), UNUSED)
<BR><BR>[Called By]<UL><LI><a href="#[200]">&gt;&gt;</a>&nbsp;&nbsp;&nbsp;_printf_core
</UL>

<P><STRONG><a name="[52]"></a>_sputc</STRONG> (Thumb, 10 bytes, Stack size 0 bytes, printf8.o(i._sputc))
<BR><BR>[Called By]<UL><LI><a href="#[201]">&gt;&gt;</a>&nbsp;&nbsp;&nbsp;__0sprintf$8
</UL>
<BR>[Address Reference Count : 1]<UL><LI> printf8.o(i.__0sprintf$8)
</UL><P>
<H3>
Undefined Global Symbols
</H3><HR></body></html>
